This is pdfTeX, Version 3.141592653-2.6-1.40.25 (TeX Live 2023/Debian) (preloaded format=pdflatex 2026.8.7)  7 AUG 2026 18:50
entering extended mode
 restricted \write18 enabled.
 file:line:error style messages enabled.
 %&-line parsing enabled.
**/workspaces/Reporte-NunyoTSU/reporte_estadias_template.tex
(/workspaces/Reporte-NunyoTSU/reporte_estadias_template.tex
LaTeX2e <2023-11-01> patch level 1
L3 programming layer <2024-01-22>
(/usr/share/texlive/texmf-dist/tex/latex/base/article.cls
Document Class: article 2023/05/17 v1.4n Standard LaTeX document class
(/usr/share/texlive/texmf-dist/tex/latex/base/size12.clo
File: size12.clo 2023/05/17 v1.4n Standard LaTeX file (size option)
)
\c@part=\count187
\c@section=\count188
\c@subsection=\count189
\c@subsubsection=\count190
\c@paragraph=\count191
\c@subparagraph=\count192
\c@figure=\count193
\c@table=\count194
\abovecaptionskip=\skip48
\belowcaptionskip=\skip49
\bibindent=\dimen140
) (/usr/share/texlive/texmf-dist/tex/latex/geometry/geometry.sty
Package: geometry 2020/01/02 v5.9 Page Geometry
 (/usr/share/texlive/texmf-dist/tex/latex/graphics/keyval.sty
Package: keyval 2022/05/29 v1.15 key=value parser (DPC)
\KV@toks@=\toks17
) (/usr/share/texlive/texmf-dist/tex/generic/iftex/ifvtex.sty
Package: ifvtex 2019/10/25 v1.7 ifvtex legacy package. Use iftex instead.
 (/usr/share/texlive/texmf-dist/tex/generic/iftex/iftex.sty
Package: iftex 2022/02/03 v1.0f TeX engine tests
))
\Gm@cnth=\count195
\Gm@cntv=\count196
\c@Gm@tempcnt=\count197
\Gm@bindingoffset=\dimen141
\Gm@wd@mp=\dimen142
\Gm@odd@mp=\dimen143
\Gm@even@mp=\dimen144
\Gm@layoutwidth=\dimen145
\Gm@layoutheight=\dimen146
\Gm@layouthoffset=\dimen147
\Gm@layoutvoffset=\dimen148
\Gm@dimlist=\toks18
) (/usr/share/texlive/texmf-dist/tex/latex/fancyhdr/fancyhdr.sty
Package: fancyhdr 2022/11/09 v4.1 Extensive control of page headers and footers
\f@nch@headwidth=\skip50
\f@nch@O@elh=\skip51
\f@nch@O@erh=\skip52
\f@nch@O@olh=\skip53
\f@nch@O@orh=\skip54
\f@nch@O@elf=\skip55
\f@nch@O@erf=\skip56
\f@nch@O@olf=\skip57
\f@nch@O@orf=\skip58
) (/usr/share/texlive/texmf-dist/tex/latex/base/inputenc.sty
Package: inputenc 2021/02/14 v1.3d Input encoding file
\inpenc@prehook=\toks19
\inpenc@posthook=\toks20
) (/usr/share/texlive/texmf-dist/tex/latex/base/fontenc.sty
Package: fontenc 2021/04/29 v2.0v Standard LaTeX package
) (/usr/share/texlive/texmf-dist/tex/generic/babel/babel.sty
Package: babel 2024/01/07 v24.1 The Babel package
\babel@savecnt=\count198
\U@D=\dimen149
\l@unhyphenated=\language8
 (/usr/share/texlive/texmf-dist/tex/generic/babel/txtbabel.def)
\bbl@readstream=\read2
\bbl@dirlevel=\count199
 (/usr/share/texlive/texmf-dist/tex/generic/babel-spanish/spanish.ldf
Language: spanish.ldf 2021/05/27 v5.0q Spanish support from the babel system
\es@quottoks=\toks21
\es@quotdepth=\count266
Package babel Info: Making " an active character on input line 570.
)) (/usr/share/texlive/texmf-dist/tex/generic/babel/locale/es/babel-spanish.tex
Package babel Info: Importing font and identification data for spanish
(babel)             from babel-es.ini. Reported on input line 11.
) (/usr/share/texlive/texmf-dist/tex/latex/setspace/setspace.sty
Package: setspace 2022/12/04 v6.7b set line spacing
) (/usr/share/texlive/texmf-dist/tex/latex/titlesec/titlesec.sty
Package: titlesec 2023/10/27 v2.16 Sectioning titles
\ttl@box=\box51
\beforetitleunit=\skip59
\aftertitleunit=\skip60
\ttl@plus=\dimen150
\ttl@minus=\dimen151
\ttl@toksa=\toks22
\titlewidth=\dimen152
\titlewidthlast=\dimen153
\titlewidthfirst=\dimen154
) (/usr/share/texlive/texmf-dist/tex/latex/tocloft/tocloft.sty
Package: tocloft 2017/08/31 v2.3i parameterised ToC, etc., typesetting
Package tocloft Info: The document has section divisions on input line 51.
\cftparskip=\skip61
\cftbeforetoctitleskip=\skip62
\cftaftertoctitleskip=\skip63
\cftbeforepartskip=\skip64
\cftpartnumwidth=\skip65
\cftpartindent=\skip66
\cftbeforesecskip=\skip67
\cftsecindent=\skip68
\cftsecnumwidth=\skip69
\cftbeforesubsecskip=\skip70
\cftsubsecindent=\skip71
\cftsubsecnumwidth=\skip72
\cftbeforesubsubsecskip=\skip73
\cftsubsubsecindent=\skip74
\cftsubsubsecnumwidth=\skip75
\cftbeforeparaskip=\skip76
\cftparaindent=\skip77
\cftparanumwidth=\skip78
\cftbeforesubparaskip=\skip79
\cftsubparaindent=\skip80
\cftsubparanumwidth=\skip81
\cftbeforeloftitleskip=\skip82
\cftafterloftitleskip=\skip83
\cftbeforefigskip=\skip84
\cftfigindent=\skip85
\cftfignumwidth=\skip86
\c@lofdepth=\count267
\c@lotdepth=\count268
\cftbeforelottitleskip=\skip87
\cftafterlottitleskip=\skip88
\cftbeforetabskip=\skip89
\cfttabindent=\skip90
\cfttabnumwidth=\skip91
) (/usr/share/texlive/texmf-dist/tex/latex/graphics/graphicx.sty
Package: graphicx 2021/09/16 v1.2d Enhanced LaTeX Graphics (DPC,SPQR)
 (/usr/share/texlive/texmf-dist/tex/latex/graphics/graphics.sty
Package: graphics 2022/03/10 v1.4e Standard LaTeX Graphics (DPC,SPQR)
 (/usr/share/texlive/texmf-dist/tex/latex/graphics/trig.sty
Package: trig 2021/08/11 v1.11 sin cos tan (DPC)
) (/usr/share/texlive/texmf-dist/tex/latex/graphics-cfg/graphics.cfg
File: graphics.cfg 2016/06/04 v1.11 sample graphics configuration
)
Package graphics Info: Driver file: pdftex.def on input line 107.
 (/usr/share/texlive/texmf-dist/tex/latex/graphics-def/pdftex.def
File: pdftex.def 2022/09/22 v1.2b Graphics/color driver for pdftex
))
\Gin@req@height=\dimen155
\Gin@req@width=\dimen156
) (/usr/share/texlive/texmf-dist/tex/latex/tools/array.sty
Package: array 2023/10/16 v2.5g Tabular extension package (FMi)
\col@sep=\dimen157
\ar@mcellbox=\box52
\extrarowheight=\dimen158
\NC@list=\toks23
\extratabsurround=\skip92
\backup@length=\skip93
\ar@cellbox=\box53
) (/usr/share/texlive/texmf-dist/tex/latex/tools/longtable.sty
Package: longtable 2023-11-01 v4.19 Multi-page Table package (DPC)
\LTleft=\skip94
\LTright=\skip95
\LTpre=\skip96
\LTpost=\skip97
\LTchunksize=\count269
\LTcapwidth=\dimen159
\LT@head=\box54
\LT@firsthead=\box55
\LT@foot=\box56
\LT@lastfoot=\box57
\LT@gbox=\box58
\LT@cols=\count270
\LT@rows=\count271
\c@LT@tables=\count272
\c@LT@chunks=\count273
\LT@p@ftn=\toks24
) (/usr/share/texlive/texmf-dist/tex/latex/float/float.sty
Package: float 2001/11/08 v1.3d Float enhancements (AL)
\c@float@type=\count274
\float@exts=\toks25
\float@box=\box59
\@float@everytoks=\toks26
\@floatcapt=\box60
) (/usr/share/texlive/texmf-dist/tex/latex/wallpaper/wallpaper.sty
Package: wallpaper 2005/01/18, v1.01 easy wallpaper formatting (MHFW)
 (/usr/share/texlive/texmf-dist/tex/latex/base/ifthen.sty
Package: ifthen 2022/04/13 v1.1d Standard LaTeX ifthen package (DPC)
) (/usr/share/texlive/texmf-dist/tex/latex/tools/calc.sty
Package: calc 2023/07/08 v4.3 Infix arithmetic (KKT,FJ)
\calc@Acount=\count275
\calc@Bcount=\count276
\calc@Adimen=\dimen160
\calc@Bdimen=\dimen161
\calc@Askip=\skip98
\calc@Bskip=\skip99
LaTeX Info: Redefining \setlength on input line 80.
LaTeX Info: Redefining \addtolength on input line 81.
\calc@Ccount=\count277
\calc@Cskip=\skip100
) (/usr/share/texlive/texmf-dist/tex/latex/eso-pic/eso-pic.sty
Package: eso-pic 2023/05/03 v3.0c eso-pic (RN)
\ESO@tempdima=\dimen162
\ESO@tempdimb=\dimen163
 (/usr/share/texlive/texmf-dist/tex/latex/xcolor/xcolor.sty
Package: xcolor 2023/11/15 v3.01 LaTeX color extensions (UK)
 (/usr/share/texlive/texmf-dist/tex/latex/graphics-cfg/color.cfg
File: color.cfg 2016/01/02 v1.6 sample color configuration
)
Package xcolor Info: Driver file: pdftex.def on input line 274.
 (/usr/share/texlive/texmf-dist/tex/latex/graphics/mathcolor.ltx)
Package xcolor Info: Model `cmy' substituted by `cmy0' on input line 1350.
Package xcolor Info: Model `hsb' substituted by `rgb' on input line 1354.
Package xcolor Info: Model `RGB' extended on input line 1366.
Package xcolor Info: Model `HTML' substituted by `rgb' on input line 1368.
Package xcolor Info: Model `Hsb' substituted by `hsb' on input line 1369.
Package xcolor Info: Model `tHsb' substituted by `hsb' on input line 1370.
Package xcolor Info: Model `HSB' substituted by `hsb' on input line 1371.
Package xcolor Info: Model `Gray' substituted by `gray' on input line 1372.
Package xcolor Info: Model `wave' substituted by `hsb' on input line 1373.
))
\wpXoffset=\skip101
\wpYoffset=\skip102
\tileXoffset=\skip103
\tileYoffset=\skip104
\tilewidth=\skip105
\tileheight=\skip106
\tileX=\skip107
\tileY=\skip108
) (/usr/share/texlive/texmf-dist/tex/latex/biblatex/biblatex.sty
Package: biblatex 2023/03/05 v3.19 programmable bibliographies (PK/MW)
 (/usr/share/texlive/texmf-dist/tex/generic/pdftexcmds/pdftexcmds.sty
Package: pdftexcmds 2020-06-27 v0.33 Utility functions of pdfTeX for LuaTeX (HO)
 (/usr/share/texlive/texmf-dist/tex/generic/infwarerr/infwarerr.sty
Package: infwarerr 2019/12/03 v1.5 Providing info/warning/error messages (HO)
) (/usr/share/texlive/texmf-dist/tex/generic/ltxcmds/ltxcmds.sty
Package: ltxcmds 2023-12-04 v1.26 LaTeX kernel commands for general use (HO)
)
Package pdftexcmds Info: \pdf@primitive is available.
Package pdftexcmds Info: \pdf@ifprimitive is available.
Package pdftexcmds Info: \pdfdraftmode found.
) (/usr/share/texlive/texmf-dist/tex/latex/etoolbox/etoolbox.sty
Package: etoolbox 2020/10/05 v2.5k e-TeX tools for LaTeX (JAW)
\etb@tempcnta=\count278
) (/usr/share/texlive/texmf-dist/tex/latex/kvoptions/kvoptions.sty
Package: kvoptions 2022-06-15 v3.15 Key value format for package options (HO)
 (/usr/share/texlive/texmf-dist/tex/latex/kvsetkeys/kvsetkeys.sty
Package: kvsetkeys 2022-10-05 v1.19 Key value parser (HO)
)) (/usr/share/texlive/texmf-dist/tex/latex/logreq/logreq.sty
Package: logreq 2010/08/04 v1.0 xml request logger
\lrq@indent=\count279
 (/usr/share/texlive/texmf-dist/tex/latex/logreq/logreq.def
File: logreq.def 2010/08/04 v1.0 logreq spec v1.0
)) (/usr/share/texlive/texmf-dist/tex/latex/url/url.sty
\Urlmuskip=\muskip16
Package: url 2013/09/16  ver 3.4  Verb mode for urls, etc.
)
\c@tabx@nest=\count280
\c@listtotal=\count281
\c@listcount=\count282
\c@liststart=\count283
\c@liststop=\count284
\c@citecount=\count285
\c@citetotal=\count286
\c@multicitecount=\count287
\c@multicitetotal=\count288
\c@instcount=\count289
\c@maxnames=\count290
\c@minnames=\count291
\c@maxitems=\count292
\c@minitems=\count293
\c@citecounter=\count294
\c@maxcitecounter=\count295
\c@savedcitecounter=\count296
\c@uniquelist=\count297
\c@uniquename=\count298
\c@refsection=\count299
\c@refsegment=\count300
\c@maxextratitle=\count301
\c@maxextratitleyear=\count302
\c@maxextraname=\count303
\c@maxextradate=\count304
\c@maxextraalpha=\count305
\c@abbrvpenalty=\count306
\c@highnamepenalty=\count307
\c@lownamepenalty=\count308
\c@maxparens=\count309
\c@parenlevel=\count310
\blx@tempcnta=\count311
\blx@tempcntb=\count312
\blx@tempcntc=\count313
\c@blx@maxsection=\count314
\blx@maxsegment@0=\count315
\blx@notetype=\count316
\blx@parenlevel@text=\count317
\blx@parenlevel@foot=\count318
\blx@sectionciteorder@0=\count319
\blx@sectionciteorderinternal@0=\count320
\blx@entrysetcounter=\count321
\blx@biblioinstance=\count322
\labelnumberwidth=\skip109
\labelalphawidth=\skip110
\biblabelsep=\skip111
\bibitemsep=\skip112
\bibnamesep=\skip113
\bibinitsep=\skip114
\bibparsep=\skip115
\bibhang=\skip116
\blx@bcfin=\read3
\blx@bcfout=\write3
\blx@langwohyphens=\language9
\c@mincomprange=\count323
\c@maxcomprange=\count324
\c@mincompwidth=\count325
Package biblatex Info: Trying to load biblatex default data model...
Package biblatex Info: ... file 'blx-dm.def' found.
 (/usr/share/texlive/texmf-dist/tex/latex/biblatex/blx-dm.def
File: blx-dm.def 2023/03/05 v3.19 biblatex localization (PK/MW)
)
Package biblatex Info: Trying to load biblatex custom data model...
Package biblatex Info: ... file 'biblatex-dm.cfg' not found.
\c@afterword=\count326
\c@savedafterword=\count327
\c@annotator=\count328
\c@savedannotator=\count329
\c@author=\count330
\c@savedauthor=\count331
\c@bookauthor=\count332
\c@savedbookauthor=\count333
\c@commentator=\count334
\c@savedcommentator=\count335
\c@editor=\count336
\c@savededitor=\count337
\c@editora=\count338
\c@savededitora=\count339
\c@editorb=\count340
\c@savededitorb=\count341
\c@editorc=\count342
\c@savededitorc=\count343
\c@foreword=\count344
\c@savedforeword=\count345
\c@holder=\count346
\c@savedholder=\count347
\c@introduction=\count348
\c@savedintroduction=\count349
\c@namea=\count350
\c@savednamea=\count351
\c@nameb=\count352
\c@savednameb=\count353
\c@namec=\count354
\c@savednamec=\count355
\c@translator=\count356
\c@savedtranslator=\count357
\c@shortauthor=\count358
\c@savedshortauthor=\count359
\c@shorteditor=\count360
\c@savedshorteditor=\count361
\c@labelname=\count362
\c@savedlabelname=\count363
\c@institution=\count364
\c@savedinstitution=\count365
\c@lista=\count366
\c@savedlista=\count367
\c@listb=\count368
\c@savedlistb=\count369
\c@listc=\count370
\c@savedlistc=\count371
\c@listd=\count372
\c@savedlistd=\count373
\c@liste=\count374
\c@savedliste=\count375
\c@listf=\count376
\c@savedlistf=\count377
\c@location=\count378
\c@savedlocation=\count379
\c@organization=\count380
\c@savedorganization=\count381
\c@origlocation=\count382
\c@savedoriglocation=\count383
\c@origpublisher=\count384
\c@savedorigpublisher=\count385
\c@publisher=\count386
\c@savedpublisher=\count387
\c@language=\count388
\c@savedlanguage=\count389
\c@origlanguage=\count390
\c@savedoriglanguage=\count391
\c@pageref=\count392
\c@savedpageref=\count393
\shorthandwidth=\skip117
\shortjournalwidth=\skip118
\shortserieswidth=\skip119
\shorttitlewidth=\skip120
\shortauthorwidth=\skip121
\shorteditorwidth=\skip122
\locallabelnumberwidth=\skip123
\locallabelalphawidth=\skip124
\localshorthandwidth=\skip125
\localshortjournalwidth=\skip126
\localshortserieswidth=\skip127
\localshorttitlewidth=\skip128
\localshortauthorwidth=\skip129
\localshorteditorwidth=\skip130
Package biblatex Info: Trying to load compatibility code...
Package biblatex Info: ... file 'blx-compat.def' found.
 (/usr/share/texlive/texmf-dist/tex/latex/biblatex/blx-compat.def
File: blx-compat.def 2023/03/05 v3.19 biblatex compatibility (PK/MW)
)
Package biblatex Info: Trying to load generic definitions...
Package biblatex Info: ... file 'biblatex.def' found.
 (/usr/share/texlive/texmf-dist/tex/latex/biblatex/biblatex.def
File: biblatex.def 2023/03/05 v3.19 biblatex compatibility (PK/MW)
\c@textcitecount=\count394
\c@textcitetotal=\count395
\c@textcitemaxnames=\count396
\c@biburlbigbreakpenalty=\count397
\c@biburlbreakpenalty=\count398
\c@biburlnumpenalty=\count399
\c@biburlucpenalty=\count400
\c@biburllcpenalty=\count401
\biburlbigskip=\muskip17
\biburlnumskip=\muskip18
\biburlucskip=\muskip19
\biburllcskip=\muskip20
\c@smartand=\count402
)
Package biblatex Info: Trying to load bibliography style 'numeric'...
Package biblatex Info: ... file 'numeric.bbx' found.
 (/usr/share/texlive/texmf-dist/tex/latex/biblatex/bbx/numeric.bbx
File: numeric.bbx 2023/03/05 v3.19 biblatex bibliography style (PK/MW)
Package biblatex Info: Trying to load bibliography style 'standard'...
Package biblatex Info: ... file 'standard.bbx' found.
 (/usr/share/texlive/texmf-dist/tex/latex/biblatex/bbx/standard.bbx
File: standard.bbx 2023/03/05 v3.19 biblatex bibliography style (PK/MW)
\c@bbx:relatedcount=\count403
\c@bbx:relatedtotal=\count404
))
Package biblatex Info: Trying to load citation style 'numeric'...
Package biblatex Info: ... file 'numeric.cbx' found.
 (/usr/share/texlive/texmf-dist/tex/latex/biblatex/cbx/numeric.cbx
File: numeric.cbx 2023/03/05 v3.19 biblatex citation style (PK/MW)
Package biblatex Info: Redefining '\cite'.
Package biblatex Info: Redefining '\parencite'.
Package biblatex Info: Redefining '\footcite'.
Package biblatex Info: Redefining '\footcitetext'.
Package biblatex Info: Redefining '\smartcite'.
Package biblatex Info: Redefining '\supercite'.
Package biblatex Info: Redefining '\textcite'.
Package biblatex Info: Redefining '\textcites'.
Package biblatex Info: Redefining '\cites'.
Package biblatex Info: Redefining '\parencites'.
Package biblatex Info: Redefining '\smartcites'.
)
Package biblatex Info: Trying to load configuration file...
Package biblatex Info: ... file 'biblatex.cfg' found.
 (/usr/share/texlive/texmf-dist/tex/latex/biblatex/biblatex.cfg
File: biblatex.cfg 
)
Package biblatex Info: Input encoding 'utf8' detected.
Package biblatex Info: Document encoding is UTF8 ....
 (/usr/share/texlive/texmf-dist/tex/latex/l3kernel/expl3.sty
Package: expl3 2024-01-22 L3 programming layer (loader) 
 (/usr/share/texlive/texmf-dist/tex/latex/l3backend/l3backend-pdftex.def
File: l3backend-pdftex.def 2024-01-04 L3 backend support: PDF output (pdfTeX)
\l__color_backend_stack_int=\count405
\l__pdf_internal_box=\box61
))
Package biblatex Info: ... and expl3
(biblatex)             2024-01-22 L3 programming layer (loader) 
(biblatex)             is new enough (at least 2020/04/06),
(biblatex)             setting 'casechanger=expl3'.
 (/usr/share/texlive/texmf-dist/tex/latex/biblatex/blx-case-expl3.sty (/usr/share/texlive/texmf-dist/tex/latex/l3packages/xparse/xparse.sty
Package: xparse 2023-10-10 L3 Experimental document command parser
)
Package: blx-case-expl3 2023/03/05 v3.19 expl3 case changing code for biblatex
))

Package biblatex Warning: Macro 'name:delim:apa:family-given' undefined.
(biblatex)                Using \newbibmacro on input line 31.

(/usr/share/texlive/texmf-dist/tex/latex/hyperref/hyperref.sty
Package: hyperref 2024-01-20 v7.01h Hypertext links for LaTeX
 (/usr/share/texlive/texmf-dist/tex/generic/kvdefinekeys/kvdefinekeys.sty
Package: kvdefinekeys 2019-12-19 v1.6 Define keys (HO)
) (/usr/share/texlive/texmf-dist/tex/generic/pdfescape/pdfescape.sty
Package: pdfescape 2019/12/09 v1.15 Implements pdfTeX's escape features (HO)
) (/usr/share/texlive/texmf-dist/tex/latex/hycolor/hycolor.sty
Package: hycolor 2020-01-27 v1.10 Color options for hyperref/bookmark (HO)
) (/usr/share/texlive/texmf-dist/tex/latex/auxhook/auxhook.sty
Package: auxhook 2019-12-17 v1.6 Hooks for auxiliary files (HO)
) (/usr/share/texlive/texmf-dist/tex/latex/hyperref/nameref.sty
Package: nameref 2023-11-26 v2.56 Cross-referencing by name of section
 (/usr/share/texlive/texmf-dist/tex/latex/refcount/refcount.sty
Package: refcount 2019/12/15 v3.6 Data extraction from label references (HO)
) (/usr/share/texlive/texmf-dist/tex/generic/gettitlestring/gettitlestring.sty
Package: gettitlestring 2019/12/15 v1.6 Cleanup title references (HO)
)
\c@section@level=\count406
)
\@linkdim=\dimen164
\Hy@linkcounter=\count407
\Hy@pagecounter=\count408
 (/usr/share/texlive/texmf-dist/tex/latex/hyperref/pd1enc.def
File: pd1enc.def 2024-01-20 v7.01h Hyperref: PDFDocEncoding definition (HO)
Now handling font encoding PD1 ...
... no UTF-8 mapping file for font encoding PD1
) (/usr/share/texlive/texmf-dist/tex/generic/intcalc/intcalc.sty
Package: intcalc 2019/12/15 v1.3 Expandable calculations with integers (HO)
)
\Hy@SavedSpaceFactor=\count409
 (/usr/share/texlive/texmf-dist/tex/latex/hyperref/puenc.def
File: puenc.def 2024-01-20 v7.01h Hyperref: PDF Unicode definition (HO)
Now handling font encoding PU ...
... no UTF-8 mapping file for font encoding PU
)
Package hyperref Info: Option `bookmarks' set `true' on input line 4062.
Package hyperref Info: Option `breaklinks' set `true' on input line 4062.
Package hyperref Info: Option `bookmarksopen' set `false' on input line 4062.
Package hyperref Info: Option `colorlinks' set `true' on input line 4062.
Package hyperref Info: Hyper figures OFF on input line 4179.
Package hyperref Info: Link nesting OFF on input line 4184.
Package hyperref Info: Hyper index ON on input line 4187.
Package hyperref Info: Plain pages OFF on input line 4194.
Package hyperref Info: Backreferencing OFF on input line 4199.
Package hyperref Info: Implicit mode ON; LaTeX internals redefined.
Package hyperref Info: Bookmarks ON on input line 4446.
\c@Hy@tempcnt=\count410
LaTeX Info: Redefining \url on input line 4784.
\XeTeXLinkMargin=\dimen165
 (/usr/share/texlive/texmf-dist/tex/generic/bitset/bitset.sty
Package: bitset 2019/12/09 v1.3 Handle bit-vector datatype (HO)
 (/usr/share/texlive/texmf-dist/tex/generic/bigintcalc/bigintcalc.sty
Package: bigintcalc 2019/12/15 v1.5 Expandable calculations on big integers (HO)
))
\Fld@menulength=\count411
\Field@Width=\dimen166
\Fld@charsize=\dimen167
Package hyperref Info: Hyper figures OFF on input line 6063.
Package hyperref Info: Link nesting OFF on input line 6068.
Package hyperref Info: Hyper index ON on input line 6071.
Package hyperref Info: backreferencing OFF on input line 6078.
Package hyperref Info: Link coloring ON on input line 6081.
Package hyperref Info: Link coloring with OCG OFF on input line 6088.
Package hyperref Info: PDF/A mode OFF on input line 6093.
 (/usr/share/texlive/texmf-dist/tex/latex/base/atbegshi-ltx.sty
Package: atbegshi-ltx 2021/01/10 v1.0c Emulation of the original atbegshi
package with kernel methods
)
\Hy@abspage=\count412
\c@Item=\count413
\c@Hfootnote=\count414
)
Package hyperref Info: Driver (autodetected): hpdftex.
 (/usr/share/texlive/texmf-dist/tex/latex/hyperref/hpdftex.def
File: hpdftex.def 2024-01-20 v7.01h Hyperref driver for pdfTeX
 (/usr/share/texlive/texmf-dist/tex/latex/base/atveryend-ltx.sty
Package: atveryend-ltx 2020/08/19 v1.0a Emulation of the original atveryend package
with kernel methods
)
\Fld@listcount=\count415
\c@bookmark@seq@number=\count416
 (/usr/share/texlive/texmf-dist/tex/latex/rerunfilecheck/rerunfilecheck.sty
Package: rerunfilecheck 2022-07-10 v1.10 Rerun checks for auxiliary files (HO)
 (/usr/share/texlive/texmf-dist/tex/generic/uniquecounter/uniquecounter.sty
Package: uniquecounter 2019/12/15 v1.4 Provide unlimited unique counter (HO)
)
Package uniquecounter Info: New unique counter `rerunfilecheck' on input line 285.
)
\Hy@SectionHShift=\skip131
) (/usr/share/texlive/texmf-dist/tex/latex/breakurl/breakurl.sty
Package: breakurl 2013/04/10 v1.40 Breakable hyperref URLs
 (/usr/share/texlive/texmf-dist/tex/latex/xkeyval/xkeyval.sty
Package: xkeyval 2022/06/16 v2.9 package option processing (HA)
 (/usr/share/texlive/texmf-dist/tex/generic/xkeyval/xkeyval.tex (/usr/share/texlive/texmf-dist/tex/generic/xkeyval/xkvutils.tex
\XKV@toks=\toks27
\XKV@tempa@toks=\toks28
)
\XKV@depth=\count417
File: xkeyval.tex 2014/12/03 v2.7a key=value parser (HA)
)) (/usr/share/texlive/texmf-dist/tex/generic/iftex/ifpdf.sty
Package: ifpdf 2019/10/25 v3.4 ifpdf legacy package. Use iftex instead.
)

Package breakurl Warning: You are using breakurl while processing via pdflatex.
(breakurl)                \burl will be just a synonym of \url.
(breakurl)                 on input line 48.

) (/usr/share/texlive/texmf-dist/tex/latex/pdfpages/pdfpages.sty
Package: pdfpages 2024/01/21 v0.5y Insert pages of external PDF documents (AM)
\AM@pagewidth=\dimen168
\AM@pageheight=\dimen169
\AM@fboxrule=\dimen170
 (/usr/share/texlive/texmf-dist/tex/latex/pdfpages/pppdftex.def
File: pppdftex.def 2024/01/21 v0.5y Pdfpages driver for pdfTeX (AM)
)
\pdfpages@includegraphics@status=\count418
\AM@pagebox=\box62
\AM@global@opts=\toks29
\AM@pagecnt=\count419
\AM@toc@title=\toks30
\AM@lof@heading=\toks31
\c@AM@survey=\count420
\AM@templatesizebox=\box63
) (/usr/share/texlive/texmf-dist/tex/generic/soul/soul.sty
Package: soul 2023-06-14 v3.1 Permit use of UTF-8 characters in soul (HO)
 (/usr/share/texlive/texmf-dist/tex/generic/soul/soul-ori.sty
Package: soul-ori 2023-06-14 v3.1 letterspacing/underlining (mf)
\SOUL@word=\toks32
\SOUL@lasttoken=\toks33
\SOUL@syllable=\toks34
\SOUL@cmds=\toks35
\SOUL@buffer=\toks36
\SOUL@token=\toks37
\SOUL@syllgoal=\dimen171
\SOUL@syllwidth=\dimen172
\SOUL@charkern=\dimen173
\SOUL@hyphkern=\dimen174
\SOUL@dimen=\dimen175
\SOUL@dimeni=\dimen176
\SOUL@minus=\count421
\SOUL@comma=\count422
\SOUL@apo=\count423
\SOUL@grave=\count424
\SOUL@spaceskip=\skip132
\SOUL@ttwidth=\dimen177
\SOUL@uldp=\dimen178
\SOUL@ulht=\dimen179
) (/usr/share/texlive/texmf-dist/tex/generic/etexcmds/etexcmds.sty
Package: etexcmds 2019/12/15 v1.7 Avoid name clashes with e-TeX commands (HO)
))

Package biblatex Warning: 'babel/polyglossia' detected but 'csquotes' missing.
(biblatex)                Loading 'csquotes' recommended.

\@quotelevel=\count425
\@quotereset=\count426
(./reporte_estadias_template.aux
LaTeX Info: Redefining \. on input line 9.
LaTeX Info: Redefining \% on input line 9.
)
\openout1 = `reporte_estadias_template.aux'.

LaTeX Font Info:    Checking defaults for OML/cmm/m/it on input line 125.
LaTeX Font Info:    ... okay on input line 125.
LaTeX Font Info:    Checking defaults for OMS/cmsy/m/n on input line 125.
LaTeX Font Info:    ... okay on input line 125.
LaTeX Font Info:    Checking defaults for OT1/cmr/m/n on input line 125.
LaTeX Font Info:    ... okay on input line 125.
LaTeX Font Info:    Checking defaults for T1/cmr/m/n on input line 125.
LaTeX Font Info:    ... okay on input line 125.
LaTeX Font Info:    Checking defaults for TS1/cmr/m/n on input line 125.
LaTeX Font Info:    ... okay on input line 125.
LaTeX Font Info:    Checking defaults for OMX/cmex/m/n on input line 125.
LaTeX Font Info:    ... okay on input line 125.
LaTeX Font Info:    Checking defaults for U/cmr/m/n on input line 125.
LaTeX Font Info:    ... okay on input line 125.
LaTeX Font Info:    Checking defaults for PD1/pdf/m/n on input line 125.
LaTeX Font Info:    ... okay on input line 125.
LaTeX Font Info:    Checking defaults for PU/pdf/m/n on input line 125.
LaTeX Font Info:    ... okay on input line 125.

*geometry* driver: auto-detecting
*geometry* detected driver: pdftex
*geometry* verbose mode - [ preamble ] result:
* driver: pdftex
* paper: letterpaper
* layout: <same size as paper>
* layoutoffset:(h,v)=(0.0pt,0.0pt)
* modes: 
* h-part:(L,W,R)=(64.01869pt, 486.25761pt, 64.01869pt)
* v-part:(T,H,B)=(85.35826pt, 652.70622pt, 56.9055pt)
* \paperwidth=614.295pt
* \paperheight=794.96999pt
* \textwidth=486.25761pt
* \textheight=652.70622pt
* \oddsidemargin=-8.2513pt
* \evensidemargin=-8.2513pt
* \topmargin=-41.59085pt
* \headheight=12.0pt
* \headsep=42.67912pt
* \topskip=12.0pt
* \footskip=30.0pt
* \marginparwidth=44.0pt
* \marginparsep=10.0pt
* \columnsep=10.0pt
* \skip\footins=10.8pt plus 4.0pt minus 2.0pt
* \hoffset=0.0pt
* \voffset=0.0pt
* \mag=1000
* \@twocolumnfalse
* \@twosidefalse
* \@mparswitchfalse
* \@reversemarginfalse
* (1in=72.27pt=25.4mm, 1cm=28.453pt)

LaTeX Info: Redefining \. on input line 125.
LaTeX Info: Redefining \% on input line 125.
(/usr/share/texlive/texmf-dist/tex/context/base/mkii/supp-pdf.mkii
[Loading MPS to PDF converter (version 2006.09.02).]
\scratchcounter=\count427
\scratchdimen=\dimen180
\scratchbox=\box64
\nofMPsegments=\count428
\nofMParguments=\count429
\everyMPshowfont=\toks38
\MPscratchCnt=\count430
\MPscratchDim=\dimen181
\MPnumerator=\count431
\makeMPintoPDFobject=\count432
\everyMPtoPDFconversion=\toks39
) (/usr/share/texlive/texmf-dist/tex/latex/epstopdf-pkg/epstopdf-base.sty
Package: epstopdf-base 2020-01-24 v2.11 Base part for package epstopdf
Package epstopdf-base Info: Redefining graphics rule for `.eps' on input line 485.
 (/usr/share/texlive/texmf-dist/tex/latex/latexconfig/epstopdf-sys.cfg
File: epstopdf-sys.cfg 2010/07/13 v1.3 Configuration of (r)epstopdf for TeX Live
))
Package biblatex Info: Trying to load language 'spanish'...
Package biblatex Info: ... file 'spanish.lbx' found.
 (/usr/share/texlive/texmf-dist/tex/latex/biblatex/lbx/spanish.lbx
File: spanish.lbx 2023/03/05 v3.19 biblatex localization (PK/MW)
)
Package biblatex Info: Input encoding 'utf8' detected.
Package biblatex Info: Automatic encoding selection.
(biblatex)             Assuming data encoding 'utf8'.
\openout3 = `reporte_estadias_template.bcf'.

Package biblatex Info: Trying to load bibliographic data...
Package biblatex Info: ... file 'reporte_estadias_template.bbl' found.
 (./reporte_estadias_template.bbl)
Package biblatex Info: Reference section=0 on input line 125.
Package biblatex Info: Reference segment=0 on input line 125.
Package hyperref Info: Link coloring ON on input line 125.
 (./reporte_estadias_template.out) (./reporte_estadias_template.out)
\@outlinefile=\write4
\openout4 = `reporte_estadias_template.out'.

 (/usr/share/texlive/texmf-dist/tex/latex/pdflscape/pdflscape.sty
Package: pdflscape 2022-10-27 v0.13 Display of landscape pages in PDF
 (/usr/share/texlive/texmf-dist/tex/latex/pdflscape/pdflscape-nometadata.sty
Package: pdflscape-nometadata 2022-10-28 v0.13 Display of landscape pages in PDF (HO)
 (/usr/share/texlive/texmf-dist/tex/latex/graphics/lscape.sty
Package: lscape 2020/05/28 v3.02 Landscape Pages (DPC)
)
Package pdflscape Info: Auto-detected driver: pdftex on input line 81.
))
LaTeX Font Info:    External font `cmex10' loaded for size
(Font)              <12> on input line 140.
LaTeX Font Info:    External font `cmex10' loaded for size
(Font)              <8> on input line 140.
LaTeX Font Info:    External font `cmex10' loaded for size
(Font)              <6> on input line 140.
<UTYP.png, id=113, 301.125pt x 156.585pt>
File: UTYP.png Graphic file (type png)
<use UTYP.png>
Package pdftex.def Info: UTYP.png  used on input line 141.
(pdftex.def)             Requested size: 123.11743pt x 64.01869pt.
<LogoUPV_2023.png, id=115, 438.9198pt x 166.7028pt>
File: LogoUPV_2023.png Graphic file (type png)
<use LogoUPV_2023.png>
Package pdftex.def Info: LogoUPV_2023.png  used on input line 142.
(pdftex.def)             Requested size: 168.55936pt x 64.01869pt.

Overfull \hbox (12.13573pt too wide) in paragraph at lines 140--143
 [] 
 []

[1

{/var/lib/texmf/fonts/map/pdftex/updmap/pdftex.map} <./UTYP.png> <./LogoUPV_2023.png>]
Underfull \hbox (badness 10000) in paragraph at lines 193--198

 []


pdfTeX warning (ext4): destination with the same identifier (name{page.I}) has been already used, duplicate ignored
<to be read again> 
                   \relax 
l.219 \clearpage
                
<Membrete2023.pdf, id=125, 614.295pt x 794.97pt>
File: Membrete2023.pdf Graphic file (type pdf)
<use Membrete2023.pdf>
Package pdftex.def Info: Membrete2023.pdf  used on input line 219.
(pdftex.def)             Requested size: 614.31223pt x 794.99231pt.
 [1 <./Membrete2023.pdf>]
File: Membrete2023.pdf Graphic file (type pdf)
<use Membrete2023.pdf>
Package pdftex.def Info: Membrete2023.pdf  used on input line 282.
(pdftex.def)             Requested size: 614.31223pt x 794.99231pt.
File: Membrete2023.pdf Graphic file (type pdf)
<use Membrete2023.pdf>
Package pdftex.def Info: Membrete2023.pdf  used on input line 282.
(pdftex.def)             Requested size: 614.31223pt x 794.99231pt.
 [2

]
File: UTYP.png Graphic file (type png)
<use UTYP.png>
Package pdftex.def Info: UTYP.png  used on input line 292.
(pdftex.def)             Requested size: 65.65956pt x 34.14322pt.
File: LogoUPV_2023.png Graphic file (type png)
<use LogoUPV_2023.png>
Package pdftex.def Info: LogoUPV_2023.png  used on input line 292.
(pdftex.def)             Requested size: 112.36844pt x 42.67912pt.

Overfull \hbox (15.11841pt too wide) has occurred while \output is active
[]|[]| 
 []


Package fancyhdr Warning: \headheight is too small (12.0pt): 
(fancyhdr)                Make it at least 47.02916pt, for example:
(fancyhdr)                \setlength{\headheight}{47.02916pt}.
(fancyhdr)                You might also make \topmargin smaller to compensate:
(fancyhdr)                \addtolength{\topmargin}{-35.02916pt}.

[3

]
File: UTYP.png Graphic file (type png)
<use UTYP.png>
Package pdftex.def Info: UTYP.png  used on input line 299.
(pdftex.def)             Requested size: 65.65956pt x 34.14322pt.
File: LogoUPV_2023.png Graphic file (type png)
<use LogoUPV_2023.png>
Package pdftex.def Info: LogoUPV_2023.png  used on input line 299.
(pdftex.def)             Requested size: 112.36844pt x 42.67912pt.

Overfull \hbox (15.11841pt too wide) has occurred while \output is active
[]|[]| 
 []


Package fancyhdr Warning: \headheight is too small (12.0pt): 
(fancyhdr)                Make it at least 47.02916pt, for example:
(fancyhdr)                \setlength{\headheight}{47.02916pt}.
(fancyhdr)                You might also make \topmargin smaller to compensate:
(fancyhdr)                \addtolength{\topmargin}{-35.02916pt}.

[4

] (./reporte_estadias_template.toc
LaTeX Info: Redefining \sptext on input line 1.
LaTeX Info: Redefining \. on input line 1.
LaTeX Info: Redefining \% on input line 1.
 [5

])
\tf@toc=\write5
\openout5 = `reporte_estadias_template.toc'.

 [6]
File: UTYP.png Graphic file (type png)
<use UTYP.png>
Package pdftex.def Info: UTYP.png  used on input line 321.
(pdftex.def)             Requested size: 65.65956pt x 34.14322pt.
File: LogoUPV_2023.png Graphic file (type png)
<use LogoUPV_2023.png>
Package pdftex.def Info: LogoUPV_2023.png  used on input line 321.
(pdftex.def)             Requested size: 112.36844pt x 42.67912pt.

Overfull \hbox (15.11841pt too wide) has occurred while \output is active
[]|[]| 
 []


Package fancyhdr Warning: \headheight is too small (12.0pt): 
(fancyhdr)                Make it at least 47.02916pt, for example:
(fancyhdr)                \setlength{\headheight}{47.02916pt}.
(fancyhdr)                You might also make \topmargin smaller to compensate:
(fancyhdr)                \addtolength{\topmargin}{-35.02916pt}.

[1

]
<figs/MapaDelPiso.jpg, id=216, 2019.545pt x 3071.475pt>
File: figs/MapaDelPiso.jpg Graphic file (type jpg)
<use figs/MapaDelPiso.jpg>
Package pdftex.def Info: figs/MapaDelPiso.jpg  used on input line 342.
(pdftex.def)             Requested size: 389.00757pt x 591.60056pt.
File: UTYP.png Graphic file (type png)
<use UTYP.png>
Package pdftex.def Info: UTYP.png  used on input line 346.
(pdftex.def)             Requested size: 65.65956pt x 34.14322pt.
File: LogoUPV_2023.png Graphic file (type png)
<use LogoUPV_2023.png>
Package pdftex.def Info: LogoUPV_2023.png  used on input line 346.
(pdftex.def)             Requested size: 112.36844pt x 42.67912pt.

Overfull \hbox (15.11841pt too wide) has occurred while \output is active
[]|[]| 
 []


Package fancyhdr Warning: \headheight is too small (12.0pt): 
(fancyhdr)                Make it at least 47.02916pt, for example:
(fancyhdr)                \setlength{\headheight}{47.02916pt}.
(fancyhdr)                You might also make \topmargin smaller to compensate:
(fancyhdr)                \addtolength{\topmargin}{-35.02916pt}.

[2

]
File: UTYP.png Graphic file (type png)
<use UTYP.png>
Package pdftex.def Info: UTYP.png  used on input line 349.
(pdftex.def)             Requested size: 65.65956pt x 34.14322pt.
File: LogoUPV_2023.png Graphic file (type png)
<use LogoUPV_2023.png>
Package pdftex.def Info: LogoUPV_2023.png  used on input line 349.
(pdftex.def)             Requested size: 112.36844pt x 42.67912pt.

Overfull \hbox (15.11841pt too wide) has occurred while \output is active
[]|[]| 
 []


Package fancyhdr Warning: \headheight is too small (12.0pt): 
(fancyhdr)                Make it at least 47.02916pt, for example:
(fancyhdr)                \setlength{\headheight}{47.02916pt}.
(fancyhdr)                You might also make \topmargin smaller to compensate:
(fancyhdr)                \addtolength{\topmargin}{-35.02916pt}.

[3 <./figs/MapaDelPiso.jpg>]
File: UTYP.png Graphic file (type png)
<use UTYP.png>
Package pdftex.def Info: UTYP.png  used on input line 366.
(pdftex.def)             Requested size: 65.65956pt x 34.14322pt.
File: LogoUPV_2023.png Graphic file (type png)
<use LogoUPV_2023.png>
Package pdftex.def Info: LogoUPV_2023.png  used on input line 366.
(pdftex.def)             Requested size: 112.36844pt x 42.67912pt.

Overfull \hbox (15.11841pt too wide) has occurred while \output is active
[]|[]| 
 []


Package fancyhdr Warning: \headheight is too small (12.0pt): 
(fancyhdr)                Make it at least 47.02916pt, for example:
(fancyhdr)                \setlength{\headheight}{47.02916pt}.
(fancyhdr)                You might also make \topmargin smaller to compensate:
(fancyhdr)                \addtolength{\topmargin}{-35.02916pt}.

[4]
File: UTYP.png Graphic file (type png)
<use UTYP.png>
Package pdftex.def Info: UTYP.png  used on input line 385.
(pdftex.def)             Requested size: 65.65956pt x 34.14322pt.
File: LogoUPV_2023.png Graphic file (type png)
<use LogoUPV_2023.png>
Package pdftex.def Info: LogoUPV_2023.png  used on input line 385.
(pdftex.def)             Requested size: 112.36844pt x 42.67912pt.

Overfull \hbox (15.11841pt too wide) has occurred while \output is active
[]|[]| 
 []


Package fancyhdr Warning: \headheight is too small (12.0pt): 
(fancyhdr)                Make it at least 47.02916pt, for example:
(fancyhdr)                \setlength{\headheight}{47.02916pt}.
(fancyhdr)                You might also make \topmargin smaller to compensate:
(fancyhdr)                \addtolength{\topmargin}{-35.02916pt}.

[5

]
File: UTYP.png Graphic file (type png)
<use UTYP.png>
Package pdftex.def Info: UTYP.png  used on input line 396.
(pdftex.def)             Requested size: 65.65956pt x 34.14322pt.
File: LogoUPV_2023.png Graphic file (type png)
<use LogoUPV_2023.png>
Package pdftex.def Info: LogoUPV_2023.png  used on input line 396.
(pdftex.def)             Requested size: 112.36844pt x 42.67912pt.

Overfull \hbox (15.11841pt too wide) has occurred while \output is active
[]|[]| 
 []


Package fancyhdr Warning: \headheight is too small (12.0pt): 
(fancyhdr)                Make it at least 47.02916pt, for example:
(fancyhdr)                \setlength{\headheight}{47.02916pt}.
(fancyhdr)                You might also make \topmargin smaller to compensate:
(fancyhdr)                \addtolength{\topmargin}{-35.02916pt}.

[6]
<figs/diagramaDeFlujo1.png, id=259, 3117.6475pt x 2348.775pt>
File: figs/diagramaDeFlujo1.png Graphic file (type png)
<use figs/diagramaDeFlujo1.png>
Package pdftex.def Info: figs/diagramaDeFlujo1.png  used on input line 421.
(pdftex.def)             Requested size: 437.62888pt x 329.6864pt.
File: UTYP.png Graphic file (type png)
<use UTYP.png>
Package pdftex.def Info: UTYP.png  used on input line 425.
(pdftex.def)             Requested size: 65.65956pt x 34.14322pt.
File: LogoUPV_2023.png Graphic file (type png)
<use LogoUPV_2023.png>
Package pdftex.def Info: LogoUPV_2023.png  used on input line 425.
(pdftex.def)             Requested size: 112.36844pt x 42.67912pt.

Overfull \hbox (15.11841pt too wide) has occurred while \output is active
[]|[]| 
 []


Package fancyhdr Warning: \headheight is too small (12.0pt): 
(fancyhdr)                Make it at least 47.02916pt, for example:
(fancyhdr)                \setlength{\headheight}{47.02916pt}.
(fancyhdr)                You might also make \topmargin smaller to compensate:
(fancyhdr)                \addtolength{\topmargin}{-35.02916pt}.

[7

]
<figs/wireframes.png, id=269, 2788.4175pt x 2348.775pt>
File: figs/wireframes.png Graphic file (type png)
<use figs/wireframes.png>
Package pdftex.def Info: figs/wireframes.png  used on input line 430.
(pdftex.def)             Requested size: 437.62888pt x 368.60797pt.
File: UTYP.png Graphic file (type png)
<use UTYP.png>
Package pdftex.def Info: UTYP.png  used on input line 434.
(pdftex.def)             Requested size: 65.65956pt x 34.14322pt.
File: LogoUPV_2023.png Graphic file (type png)
<use LogoUPV_2023.png>
Package pdftex.def Info: LogoUPV_2023.png  used on input line 434.
(pdftex.def)             Requested size: 112.36844pt x 42.67912pt.

Overfull \hbox (15.11841pt too wide) has occurred while \output is active
[]|[]| 
 []


Package fancyhdr Warning: \headheight is too small (12.0pt): 
(fancyhdr)                Make it at least 47.02916pt, for example:
(fancyhdr)                \setlength{\headheight}{47.02916pt}.
(fancyhdr)                You might also make \topmargin smaller to compensate:
(fancyhdr)                \addtolength{\topmargin}{-35.02916pt}.

[8 <./figs/diagramaDeFlujo1.png>]
<figs/DiagramaDeSecuencia.png, id=276, 1185.42876pt x 1522.68875pt>
File: figs/DiagramaDeSecuencia.png Graphic file (type png)
<use figs/DiagramaDeSecuencia.png>
Package pdftex.def Info: figs/DiagramaDeSecuencia.png  used on input line 441.
(pdftex.def)             Requested size: 437.62888pt x 562.13138pt.
File: UTYP.png Graphic file (type png)
<use UTYP.png>
Package pdftex.def Info: UTYP.png  used on input line 445.
(pdftex.def)             Requested size: 65.65956pt x 34.14322pt.
File: LogoUPV_2023.png Graphic file (type png)
<use LogoUPV_2023.png>
Package pdftex.def Info: LogoUPV_2023.png  used on input line 445.
(pdftex.def)             Requested size: 112.36844pt x 42.67912pt.

Overfull \hbox (15.11841pt too wide) has occurred while \output is active
[]|[]| 
 []


Package fancyhdr Warning: \headheight is too small (12.0pt): 
(fancyhdr)                Make it at least 47.02916pt, for example:
(fancyhdr)                \setlength{\headheight}{47.02916pt}.
(fancyhdr)                You might also make \topmargin smaller to compensate:
(fancyhdr)                \addtolength{\topmargin}{-35.02916pt}.

[9 <./figs/wireframes.png>]
<figs/DiagramaDeFlujo.jpg, id=283, 503.8825pt x 983.675pt>
File: figs/DiagramaDeFlujo.jpg Graphic file (type jpg)
<use figs/DiagramaDeFlujo.jpg>
Package pdftex.def Info: figs/DiagramaDeFlujo.jpg  used on input line 450.
(pdftex.def)             Requested size: 194.50008pt x 379.69917pt.
File: UTYP.png Graphic file (type png)
<use UTYP.png>
Package pdftex.def Info: UTYP.png  used on input line 453.
(pdftex.def)             Requested size: 65.65956pt x 34.14322pt.
File: LogoUPV_2023.png Graphic file (type png)
<use LogoUPV_2023.png>
Package pdftex.def Info: LogoUPV_2023.png  used on input line 453.
(pdftex.def)             Requested size: 112.36844pt x 42.67912pt.

Overfull \hbox (15.11841pt too wide) has occurred while \output is active
[]|[]| 
 []


Package fancyhdr Warning: \headheight is too small (12.0pt): 
(fancyhdr)                Make it at least 47.02916pt, for example:
(fancyhdr)                \setlength{\headheight}{47.02916pt}.
(fancyhdr)                You might also make \topmargin smaller to compensate:
(fancyhdr)                \addtolength{\topmargin}{-35.02916pt}.

[10 <./figs/DiagramaDeSecuencia.png (PNG copy)>]
File: UTYP.png Graphic file (type png)
<use UTYP.png>
Package pdftex.def Info: UTYP.png  used on input line 455.
(pdftex.def)             Requested size: 65.65956pt x 34.14322pt.
File: LogoUPV_2023.png Graphic file (type png)
<use LogoUPV_2023.png>
Package pdftex.def Info: LogoUPV_2023.png  used on input line 455.
(pdftex.def)             Requested size: 112.36844pt x 42.67912pt.

Overfull \hbox (15.11841pt too wide) has occurred while \output is active
[]|[]| 
 []


Package fancyhdr Warning: \headheight is too small (12.0pt): 
(fancyhdr)                Make it at least 47.02916pt, for example:
(fancyhdr)                \setlength{\headheight}{47.02916pt}.
(fancyhdr)                You might also make \topmargin smaller to compensate:
(fancyhdr)                \addtolength{\topmargin}{-35.02916pt}.

[11 <./figs/DiagramaDeFlujo.jpg>]
<figs/DiagramaER.png, id=294, 2515.3975pt x 894.34125pt>
File: figs/DiagramaER.png Graphic file (type png)
<use figs/DiagramaER.png>
Package pdftex.def Info: figs/DiagramaER.png  used on input line 461.
(pdftex.def)             Requested size: 437.62888pt x 155.59775pt.
<figs/DiagramaDeComponentes.png, id=296, 1176.395pt x 970.62625pt>
File: figs/DiagramaDeComponentes.png Graphic file (type png)
<use figs/DiagramaDeComponentes.png>
Package pdftex.def Info: figs/DiagramaDeComponentes.png  used on input line 470.
(pdftex.def)             Requested size: 437.62888pt x 361.08109pt.
File: UTYP.png Graphic file (type png)
<use UTYP.png>
Package pdftex.def Info: UTYP.png  used on input line 474.
(pdftex.def)             Requested size: 65.65956pt x 34.14322pt.
File: LogoUPV_2023.png Graphic file (type png)
<use LogoUPV_2023.png>
Package pdftex.def Info: LogoUPV_2023.png  used on input line 474.
(pdftex.def)             Requested size: 112.36844pt x 42.67912pt.

Overfull \hbox (15.11841pt too wide) has occurred while \output is active
[]|[]| 
 []


Package fancyhdr Warning: \headheight is too small (12.0pt): 
(fancyhdr)                Make it at least 47.02916pt, for example:
(fancyhdr)                \setlength{\headheight}{47.02916pt}.
(fancyhdr)                You might also make \topmargin smaller to compensate:
(fancyhdr)                \addtolength{\topmargin}{-35.02916pt}.

[12

 <./figs/DiagramaER.png>]
<figs/Login.jpg, id=307, 1084.05pt x 2348.775pt>
File: figs/Login.jpg Graphic file (type jpg)
<use figs/Login.jpg>
Package pdftex.def Info: figs/Login.jpg  used on input line 480.
(pdftex.def)             Requested size: 194.50008pt x 421.39937pt.
File: UTYP.png Graphic file (type png)
<use UTYP.png>
Package pdftex.def Info: UTYP.png  used on input line 484.
(pdftex.def)             Requested size: 65.65956pt x 34.14322pt.
File: LogoUPV_2023.png Graphic file (type png)
<use LogoUPV_2023.png>
Package pdftex.def Info: LogoUPV_2023.png  used on input line 484.
(pdftex.def)             Requested size: 112.36844pt x 42.67912pt.

Overfull \hbox (15.11841pt too wide) has occurred while \output is active
[]|[]| 
 []


Package fancyhdr Warning: \headheight is too small (12.0pt): 
(fancyhdr)                Make it at least 47.02916pt, for example:
(fancyhdr)                \setlength{\headheight}{47.02916pt}.
(fancyhdr)                You might also make \topmargin smaller to compensate:
(fancyhdr)                \addtolength{\topmargin}{-35.02916pt}.

[13 <./figs/DiagramaDeComponentes.png (PNG copy)>]
<figs/Dashboard.jpg, id=314, 1084.05pt x 2348.775pt>
File: figs/Dashboard.jpg Graphic file (type jpg)
<use figs/Dashboard.jpg>
Package pdftex.def Info: figs/Dashboard.jpg  used on input line 489.
(pdftex.def)             Requested size: 194.50008pt x 421.39937pt.
File: UTYP.png Graphic file (type png)
<use UTYP.png>
Package pdftex.def Info: UTYP.png  used on input line 493.
(pdftex.def)             Requested size: 65.65956pt x 34.14322pt.
File: LogoUPV_2023.png Graphic file (type png)
<use LogoUPV_2023.png>
Package pdftex.def Info: LogoUPV_2023.png  used on input line 493.
(pdftex.def)             Requested size: 112.36844pt x 42.67912pt.

Overfull \hbox (15.11841pt too wide) has occurred while \output is active
[]|[]| 
 []


Package fancyhdr Warning: \headheight is too small (12.0pt): 
(fancyhdr)                Make it at least 47.02916pt, for example:
(fancyhdr)                \setlength{\headheight}{47.02916pt}.
(fancyhdr)                You might also make \topmargin smaller to compensate:
(fancyhdr)                \addtolength{\topmargin}{-35.02916pt}.

[14 <./figs/Login.jpg>]
<figs/Registro-visitantes.jpg, id=321, 1084.05pt x 2348.775pt>
File: figs/Registro-visitantes.jpg Graphic file (type jpg)
<use figs/Registro-visitantes.jpg>
Package pdftex.def Info: figs/Registro-visitantes.jpg  used on input line 499.
(pdftex.def)             Requested size: 291.75752pt x 632.13489pt.
File: UTYP.png Graphic file (type png)
<use UTYP.png>
Package pdftex.def Info: UTYP.png  used on input line 503.
(pdftex.def)             Requested size: 65.65956pt x 34.14322pt.
File: LogoUPV_2023.png Graphic file (type png)
<use LogoUPV_2023.png>
Package pdftex.def Info: LogoUPV_2023.png  used on input line 503.
(pdftex.def)             Requested size: 112.36844pt x 42.67912pt.

Overfull \hbox (15.11841pt too wide) has occurred while \output is active
[]|[]| 
 []


Package fancyhdr Warning: \headheight is too small (12.0pt): 
(fancyhdr)                Make it at least 47.02916pt, for example:
(fancyhdr)                \setlength{\headheight}{47.02916pt}.
(fancyhdr)                You might also make \topmargin smaller to compensate:
(fancyhdr)                \addtolength{\topmargin}{-35.02916pt}.

[15 <./figs/Dashboard.jpg>]
Overfull \vbox (10.61147pt too high) has occurred while \output is active []

File: UTYP.png Graphic file (type png)
<use UTYP.png>
Package pdftex.def Info: UTYP.png  used on input line 503.
(pdftex.def)             Requested size: 65.65956pt x 34.14322pt.
File: LogoUPV_2023.png Graphic file (type png)
<use LogoUPV_2023.png>
Package pdftex.def Info: LogoUPV_2023.png  used on input line 503.
(pdftex.def)             Requested size: 112.36844pt x 42.67912pt.

Overfull \hbox (15.11841pt too wide) has occurred while \output is active
[]|[]| 
 []


Package fancyhdr Warning: \headheight is too small (12.0pt): 
(fancyhdr)                Make it at least 47.02916pt, for example:
(fancyhdr)                \setlength{\headheight}{47.02916pt}.
(fancyhdr)                You might also make \topmargin smaller to compensate:
(fancyhdr)                \addtolength{\topmargin}{-35.02916pt}.

[16 <./figs/Registro-visitantes.jpg>]
<figs/Reconocimientofacial.jpg, id=332, 1084.05pt x 2348.775pt>
File: figs/Reconocimientofacial.jpg Graphic file (type jpg)
<use figs/Reconocimientofacial.jpg>
Package pdftex.def Info: figs/Reconocimientofacial.jpg  used on input line 508.
(pdftex.def)             Requested size: 194.50008pt x 421.39937pt.
<figs/Gestion-llamadas.jpg, id=334, 1084.05pt x 2348.775pt>
File: figs/Gestion-llamadas.jpg Graphic file (type jpg)
<use figs/Gestion-llamadas.jpg>
Package pdftex.def Info: figs/Gestion-llamadas.jpg  used on input line 517.
(pdftex.def)             Requested size: 194.50008pt x 421.39937pt.
File: UTYP.png Graphic file (type png)
<use UTYP.png>
Package pdftex.def Info: UTYP.png  used on input line 521.
(pdftex.def)             Requested size: 65.65956pt x 34.14322pt.
File: LogoUPV_2023.png Graphic file (type png)
<use LogoUPV_2023.png>
Package pdftex.def Info: LogoUPV_2023.png  used on input line 521.
(pdftex.def)             Requested size: 112.36844pt x 42.67912pt.

Overfull \hbox (15.11841pt too wide) has occurred while \output is active
[]|[]| 
 []


Package fancyhdr Warning: \headheight is too small (12.0pt): 
(fancyhdr)                Make it at least 47.02916pt, for example:
(fancyhdr)                \setlength{\headheight}{47.02916pt}.
(fancyhdr)                You might also make \topmargin smaller to compensate:
(fancyhdr)                \addtolength{\topmargin}{-35.02916pt}.

[17 <./figs/Reconocimientofacial.jpg>]
<figs/Gestion-salas.jpg, id=342, 1084.05pt x 2348.775pt>
File: figs/Gestion-salas.jpg Graphic file (type jpg)
<use figs/Gestion-salas.jpg>
Package pdftex.def Info: figs/Gestion-salas.jpg  used on input line 526.
(pdftex.def)             Requested size: 194.50008pt x 421.39937pt.
File: UTYP.png Graphic file (type png)
<use UTYP.png>
Package pdftex.def Info: UTYP.png  used on input line 530.
(pdftex.def)             Requested size: 65.65956pt x 34.14322pt.
File: LogoUPV_2023.png Graphic file (type png)
<use LogoUPV_2023.png>
Package pdftex.def Info: LogoUPV_2023.png  used on input line 530.
(pdftex.def)             Requested size: 112.36844pt x 42.67912pt.

Overfull \hbox (15.11841pt too wide) has occurred while \output is active
[]|[]| 
 []


Package fancyhdr Warning: \headheight is too small (12.0pt): 
(fancyhdr)                Make it at least 47.02916pt, for example:
(fancyhdr)                \setlength{\headheight}{47.02916pt}.
(fancyhdr)                You might also make \topmargin smaller to compensate:
(fancyhdr)                \addtolength{\topmargin}{-35.02916pt}.

[18 <./figs/Gestion-llamadas.jpg>]
<figs/Reportes.jpg, id=350, 1084.05pt x 2348.775pt>
File: figs/Reportes.jpg Graphic file (type jpg)
<use figs/Reportes.jpg>
Package pdftex.def Info: figs/Reportes.jpg  used on input line 535.
(pdftex.def)             Requested size: 194.50008pt x 421.39937pt.
File: UTYP.png Graphic file (type png)
<use UTYP.png>
Package pdftex.def Info: UTYP.png  used on input line 539.
(pdftex.def)             Requested size: 65.65956pt x 34.14322pt.
File: LogoUPV_2023.png Graphic file (type png)
<use LogoUPV_2023.png>
Package pdftex.def Info: LogoUPV_2023.png  used on input line 539.
(pdftex.def)             Requested size: 112.36844pt x 42.67912pt.

Overfull \hbox (15.11841pt too wide) has occurred while \output is active
[]|[]| 
 []


Package fancyhdr Warning: \headheight is too small (12.0pt): 
(fancyhdr)                Make it at least 47.02916pt, for example:
(fancyhdr)                \setlength{\headheight}{47.02916pt}.
(fancyhdr)                You might also make \topmargin smaller to compensate:
(fancyhdr)                \addtolength{\topmargin}{-35.02916pt}.

[19 <./figs/Gestion-salas.jpg>]
File: UTYP.png Graphic file (type png)
<use UTYP.png>
Package pdftex.def Info: UTYP.png  used on input line 540.
(pdftex.def)             Requested size: 65.65956pt x 34.14322pt.
File: LogoUPV_2023.png Graphic file (type png)
<use LogoUPV_2023.png>
Package pdftex.def Info: LogoUPV_2023.png  used on input line 540.
(pdftex.def)             Requested size: 112.36844pt x 42.67912pt.

Overfull \hbox (15.11841pt too wide) has occurred while \output is active
[]|[]| 
 []


Package fancyhdr Warning: \headheight is too small (12.0pt): 
(fancyhdr)                Make it at least 47.02916pt, for example:
(fancyhdr)                \setlength{\headheight}{47.02916pt}.
(fancyhdr)                You might also make \topmargin smaller to compensate:
(fancyhdr)                \addtolength{\topmargin}{-35.02916pt}.

[20 <./figs/Reportes.jpg>]
<figs/Tablas-DB.jpg, id=364, 1084.05pt x 2348.775pt>
File: figs/Tablas-DB.jpg Graphic file (type jpg)
<use figs/Tablas-DB.jpg>
Package pdftex.def Info: figs/Tablas-DB.jpg  used on input line 553.
(pdftex.def)             Requested size: 243.1288pt x 526.76714pt.
File: UTYP.png Graphic file (type png)
<use UTYP.png>
Package pdftex.def Info: UTYP.png  used on input line 558.
(pdftex.def)             Requested size: 65.65956pt x 34.14322pt.
File: LogoUPV_2023.png Graphic file (type png)
<use LogoUPV_2023.png>
Package pdftex.def Info: LogoUPV_2023.png  used on input line 558.
(pdftex.def)             Requested size: 112.36844pt x 42.67912pt.

Overfull \hbox (15.11841pt too wide) has occurred while \output is active
[]|[]| 
 []


Package fancyhdr Warning: \headheight is too small (12.0pt): 
(fancyhdr)                Make it at least 47.02916pt, for example:
(fancyhdr)                \setlength{\headheight}{47.02916pt}.
(fancyhdr)                You might also make \topmargin smaller to compensate:
(fancyhdr)                \addtolength{\topmargin}{-35.02916pt}.

[21

]
File: UTYP.png Graphic file (type png)
<use UTYP.png>
Package pdftex.def Info: UTYP.png  used on input line 560.
(pdftex.def)             Requested size: 65.65956pt x 34.14322pt.
File: LogoUPV_2023.png Graphic file (type png)
<use LogoUPV_2023.png>
Package pdftex.def Info: LogoUPV_2023.png  used on input line 560.
(pdftex.def)             Requested size: 112.36844pt x 42.67912pt.

Overfull \hbox (15.11841pt too wide) has occurred while \output is active
[]|[]| 
 []


Package fancyhdr Warning: \headheight is too small (12.0pt): 
(fancyhdr)                Make it at least 47.02916pt, for example:
(fancyhdr)                \setlength{\headheight}{47.02916pt}.
(fancyhdr)                You might also make \topmargin smaller to compensate:
(fancyhdr)                \addtolength{\topmargin}{-35.02916pt}.

[22 <./figs/Tablas-DB.jpg>]
<figs/LoginFusionauth.jpg, id=381, 1084.05pt x 1971.365pt>
File: figs/LoginFusionauth.jpg Graphic file (type jpg)
<use figs/LoginFusionauth.jpg>
Package pdftex.def Info: figs/LoginFusionauth.jpg  used on input line 567.
(pdftex.def)             Requested size: 194.50008pt x 353.68733pt.
File: UTYP.png Graphic file (type png)
<use UTYP.png>
Package pdftex.def Info: UTYP.png  used on input line 573.
(pdftex.def)             Requested size: 65.65956pt x 34.14322pt.
File: LogoUPV_2023.png Graphic file (type png)
<use LogoUPV_2023.png>
Package pdftex.def Info: LogoUPV_2023.png  used on input line 573.
(pdftex.def)             Requested size: 112.36844pt x 42.67912pt.

Overfull \hbox (15.11841pt too wide) has occurred while \output is active
[]|[]| 
 []


Package fancyhdr Warning: \headheight is too small (12.0pt): 
(fancyhdr)                Make it at least 47.02916pt, for example:
(fancyhdr)                \setlength{\headheight}{47.02916pt}.
(fancyhdr)                You might also make \topmargin smaller to compensate:
(fancyhdr)                \addtolength{\topmargin}{-35.02916pt}.

[23 <./figs/LoginFusionauth.jpg>]
<figs/RutasAURA.jpg, id=392, 1084.05pt x 711.65875pt>
File: figs/RutasAURA.jpg Graphic file (type jpg)
<use figs/RutasAURA.jpg>
Package pdftex.def Info: figs/RutasAURA.jpg  used on input line 576.
(pdftex.def)             Requested size: 194.50008pt x 127.6804pt.
File: UTYP.png Graphic file (type png)
<use UTYP.png>
Package pdftex.def Info: UTYP.png  used on input line 582.
(pdftex.def)             Requested size: 65.65956pt x 34.14322pt.
File: LogoUPV_2023.png Graphic file (type png)
<use LogoUPV_2023.png>
Package pdftex.def Info: LogoUPV_2023.png  used on input line 582.
(pdftex.def)             Requested size: 112.36844pt x 42.67912pt.

Overfull \hbox (15.11841pt too wide) has occurred while \output is active
[]|[]| 
 []


Package fancyhdr Warning: \headheight is too small (12.0pt): 
(fancyhdr)                Make it at least 47.02916pt, for example:
(fancyhdr)                \setlength{\headheight}{47.02916pt}.
(fancyhdr)                You might also make \topmargin smaller to compensate:
(fancyhdr)                \addtolength{\topmargin}{-35.02916pt}.

[24 <./figs/RutasAURA.jpg>]
<figs/Paleta-colores.jpg, id=401, 1245.65375pt x 779.91376pt>
File: figs/Paleta-colores.jpg Graphic file (type jpg)
<use figs/Paleta-colores.jpg>
Package pdftex.def Info: figs/Paleta-colores.jpg  used on input line 588.
(pdftex.def)             Requested size: 340.37885pt x 213.11433pt.
<figs/Paleta-colores2.jpg, id=403, 1206.5075pt x 861.2175pt>
File: figs/Paleta-colores2.jpg Graphic file (type jpg)
<use figs/Paleta-colores2.jpg>
Package pdftex.def Info: figs/Paleta-colores2.jpg  used on input line 597.
(pdftex.def)             Requested size: 340.37885pt x 242.96587pt.
File: UTYP.png Graphic file (type png)
<use UTYP.png>
Package pdftex.def Info: UTYP.png  used on input line 601.
(pdftex.def)             Requested size: 65.65956pt x 34.14322pt.
File: LogoUPV_2023.png Graphic file (type png)
<use LogoUPV_2023.png>
Package pdftex.def Info: LogoUPV_2023.png  used on input line 601.
(pdftex.def)             Requested size: 112.36844pt x 42.67912pt.

Overfull \hbox (15.11841pt too wide) has occurred while \output is active
[]|[]| 
 []


Package fancyhdr Warning: \headheight is too small (12.0pt): 
(fancyhdr)                Make it at least 47.02916pt, for example:
(fancyhdr)                \setlength{\headheight}{47.02916pt}.
(fancyhdr)                You might also make \topmargin smaller to compensate:
(fancyhdr)                \addtolength{\topmargin}{-35.02916pt}.

[25

 <./figs/Paleta-colores.jpg>]
<figs/loginFrontend.png, id=411, 675.27281pt x 416.30531pt>
File: figs/loginFrontend.png Graphic file (type png)
<use figs/loginFrontend.png>
Package pdftex.def Info: figs/loginFrontend.png  used on input line 607.
(pdftex.def)             Requested size: 340.37885pt x 209.8482pt.
File: UTYP.png Graphic file (type png)
<use UTYP.png>
Package pdftex.def Info: UTYP.png  used on input line 611.
(pdftex.def)             Requested size: 65.65956pt x 34.14322pt.
File: LogoUPV_2023.png Graphic file (type png)
<use LogoUPV_2023.png>
Package pdftex.def Info: LogoUPV_2023.png  used on input line 611.
(pdftex.def)             Requested size: 112.36844pt x 42.67912pt.

Overfull \hbox (15.11841pt too wide) has occurred while \output is active
[]|[]| 
 []


Package fancyhdr Warning: \headheight is too small (12.0pt): 
(fancyhdr)                Make it at least 47.02916pt, for example:
(fancyhdr)                \setlength{\headheight}{47.02916pt}.
(fancyhdr)                You might also make \topmargin smaller to compensate:
(fancyhdr)                \addtolength{\topmargin}{-35.02916pt}.

[26 <./figs/Paleta-colores2.jpg>]
<figs/dashboardFrontend.png, id=418, 671.50874pt x 421.575pt>
File: figs/dashboardFrontend.png Graphic file (type png)
<use figs/dashboardFrontend.png>
Package pdftex.def Info: figs/dashboardFrontend.png  used on input line 619.
(pdftex.def)             Requested size: 340.37885pt x 213.68813pt.
File: UTYP.png Graphic file (type png)
<use UTYP.png>
Package pdftex.def Info: UTYP.png  used on input line 623.
(pdftex.def)             Requested size: 65.65956pt x 34.14322pt.
File: LogoUPV_2023.png Graphic file (type png)
<use LogoUPV_2023.png>
Package pdftex.def Info: LogoUPV_2023.png  used on input line 623.
(pdftex.def)             Requested size: 112.36844pt x 42.67912pt.

Overfull \hbox (15.11841pt too wide) has occurred while \output is active
[]|[]| 
 []


Package fancyhdr Warning: \headheight is too small (12.0pt): 
(fancyhdr)                Make it at least 47.02916pt, for example:
(fancyhdr)                \setlength{\headheight}{47.02916pt}.
(fancyhdr)                You might also make \topmargin smaller to compensate:
(fancyhdr)                \addtolength{\topmargin}{-35.02916pt}.

[27 <./figs/loginFrontend.png>]
<figs/moduloVisitantes.png, id=426, 674.52pt x 419.31656pt>
File: figs/moduloVisitantes.png Graphic file (type png)
<use figs/moduloVisitantes.png>
Package pdftex.def Info: figs/moduloVisitantes.png  used on input line 630.
(pdftex.def)             Requested size: 340.37885pt x 211.60281pt.
File: UTYP.png Graphic file (type png)
<use UTYP.png>
Package pdftex.def Info: UTYP.png  used on input line 637.
(pdftex.def)             Requested size: 65.65956pt x 34.14322pt.
File: LogoUPV_2023.png Graphic file (type png)
<use LogoUPV_2023.png>
Package pdftex.def Info: LogoUPV_2023.png  used on input line 637.
(pdftex.def)             Requested size: 112.36844pt x 42.67912pt.

Overfull \hbox (15.11841pt too wide) has occurred while \output is active
[]|[]| 
 []


Package fancyhdr Warning: \headheight is too small (12.0pt): 
(fancyhdr)                Make it at least 47.02916pt, for example:
(fancyhdr)                \setlength{\headheight}{47.02916pt}.
(fancyhdr)                You might also make \topmargin smaller to compensate:
(fancyhdr)                \addtolength{\topmargin}{-35.02916pt}.

[28 <./figs/dashboardFrontend.png> <./figs/moduloVisitantes.png>]
<figs/reconocimientoBiometrico.png, id=435, 674.52pt x 418.56375pt>
File: figs/reconocimientoBiometrico.png Graphic file (type png)
<use figs/reconocimientoBiometrico.png>
Package pdftex.def Info: figs/reconocimientoBiometrico.png  used on input line 642.
(pdftex.def)             Requested size: 340.37885pt x 211.22293pt.
<figs/moduloLlamadas.png, id=437, 674.52pt x 411.78844pt>
File: figs/moduloLlamadas.png Graphic file (type png)
<use figs/moduloLlamadas.png>
Package pdftex.def Info: figs/moduloLlamadas.png  used on input line 654.
(pdftex.def)             Requested size: 340.37885pt x 207.80385pt.
File: UTYP.png Graphic file (type png)
<use UTYP.png>
Package pdftex.def Info: UTYP.png  used on input line 658.
(pdftex.def)             Requested size: 65.65956pt x 34.14322pt.
File: LogoUPV_2023.png Graphic file (type png)
<use LogoUPV_2023.png>
Package pdftex.def Info: LogoUPV_2023.png  used on input line 658.
(pdftex.def)             Requested size: 112.36844pt x 42.67912pt.

Overfull \hbox (15.11841pt too wide) has occurred while \output is active
[]|[]| 
 []


Package fancyhdr Warning: \headheight is too small (12.0pt): 
(fancyhdr)                Make it at least 47.02916pt, for example:
(fancyhdr)                \setlength{\headheight}{47.02916pt}.
(fancyhdr)                You might also make \topmargin smaller to compensate:
(fancyhdr)                \addtolength{\topmargin}{-35.02916pt}.

[29 <./figs/reconocimientoBiometrico.png>]
<figs/moduloSalas.png, id=446, 674.52pt x 420.82219pt>
File: figs/moduloSalas.png Graphic file (type png)
<use figs/moduloSalas.png>
Package pdftex.def Info: figs/moduloSalas.png  used on input line 665.
(pdftex.def)             Requested size: 340.37885pt x 212.36263pt.
File: UTYP.png Graphic file (type png)
<use UTYP.png>
Package pdftex.def Info: UTYP.png  used on input line 672.
(pdftex.def)             Requested size: 65.65956pt x 34.14322pt.
File: LogoUPV_2023.png Graphic file (type png)
<use LogoUPV_2023.png>
Package pdftex.def Info: LogoUPV_2023.png  used on input line 672.
(pdftex.def)             Requested size: 112.36844pt x 42.67912pt.

Overfull \hbox (15.11841pt too wide) has occurred while \output is active
[]|[]| 
 []


Package fancyhdr Warning: \headheight is too small (12.0pt): 
(fancyhdr)                Make it at least 47.02916pt, for example:
(fancyhdr)                \setlength{\headheight}{47.02916pt}.
(fancyhdr)                You might also make \topmargin smaller to compensate:
(fancyhdr)                \addtolength{\topmargin}{-35.02916pt}.

[30 <./figs/moduloLlamadas.png> <./figs/moduloSalas.png>]
<figs/moduloReportes.png, id=457, 676.02562pt x 421.575pt>
File: figs/moduloReportes.png Graphic file (type png)
<use figs/moduloReportes.png>
Package pdftex.def Info: figs/moduloReportes.png  used on input line 677.
(pdftex.def)             Requested size: 340.37885pt x 212.2665pt.
File: UTYP.png Graphic file (type png)
<use UTYP.png>
Package pdftex.def Info: UTYP.png  used on input line 692.
(pdftex.def)             Requested size: 65.65956pt x 34.14322pt.
File: LogoUPV_2023.png Graphic file (type png)
<use LogoUPV_2023.png>
Package pdftex.def Info: LogoUPV_2023.png  used on input line 692.
(pdftex.def)             Requested size: 112.36844pt x 42.67912pt.

Overfull \hbox (15.11841pt too wide) has occurred while \output is active
[]|[]| 
 []


Package fancyhdr Warning: \headheight is too small (12.0pt): 
(fancyhdr)                Make it at least 47.02916pt, for example:
(fancyhdr)                \setlength{\headheight}{47.02916pt}.
(fancyhdr)                You might also make \topmargin smaller to compensate:
(fancyhdr)                \addtolength{\topmargin}{-35.02916pt}.

[31 <./figs/moduloReportes.png>]
<figs/panelAdministracion.png, id=465, 674.52pt x 418.56375pt>
File: figs/panelAdministracion.png Graphic file (type png)
<use figs/panelAdministracion.png>
Package pdftex.def Info: figs/panelAdministracion.png  used on input line 696.
(pdftex.def)             Requested size: 340.37885pt x 211.22293pt.
File: UTYP.png Graphic file (type png)
<use UTYP.png>
Package pdftex.def Info: UTYP.png  used on input line 703.
(pdftex.def)             Requested size: 65.65956pt x 34.14322pt.
File: LogoUPV_2023.png Graphic file (type png)
<use LogoUPV_2023.png>
Package pdftex.def Info: LogoUPV_2023.png  used on input line 703.
(pdftex.def)             Requested size: 112.36844pt x 42.67912pt.

Overfull \hbox (15.11841pt too wide) has occurred while \output is active
[]|[]| 
 []


Package fancyhdr Warning: \headheight is too small (12.0pt): 
(fancyhdr)                Make it at least 47.02916pt, for example:
(fancyhdr)                \setlength{\headheight}{47.02916pt}.
(fancyhdr)                You might also make \topmargin smaller to compensate:
(fancyhdr)                \addtolength{\topmargin}{-35.02916pt}.

[32 <./figs/panelAdministracion.png>]
File: UTYP.png Graphic file (type png)
<use UTYP.png>
Package pdftex.def Info: UTYP.png  used on input line 708.
(pdftex.def)             Requested size: 65.65956pt x 34.14322pt.
File: LogoUPV_2023.png Graphic file (type png)
<use LogoUPV_2023.png>
Package pdftex.def Info: LogoUPV_2023.png  used on input line 708.
(pdftex.def)             Requested size: 112.36844pt x 42.67912pt.

Overfull \hbox (15.11841pt too wide) has occurred while \output is active
[]|[]| 
 []


Package fancyhdr Warning: \headheight is too small (12.0pt): 
(fancyhdr)                Make it at least 47.02916pt, for example:
(fancyhdr)                \setlength{\headheight}{47.02916pt}.
(fancyhdr)                You might also make \topmargin smaller to compensate:
(fancyhdr)                \addtolength{\topmargin}{-35.02916pt}.

[33

]
File: UTYP.png Graphic file (type png)
<use UTYP.png>
Package pdftex.def Info: UTYP.png  used on input line 713.
(pdftex.def)             Requested size: 65.65956pt x 34.14322pt.
File: LogoUPV_2023.png Graphic file (type png)
<use LogoUPV_2023.png>
Package pdftex.def Info: LogoUPV_2023.png  used on input line 713.
(pdftex.def)             Requested size: 112.36844pt x 42.67912pt.

Overfull \hbox (15.11841pt too wide) has occurred while \output is active
[]|[]| 
 []


Package fancyhdr Warning: \headheight is too small (12.0pt): 
(fancyhdr)                Make it at least 47.02916pt, for example:
(fancyhdr)                \setlength{\headheight}{47.02916pt}.
(fancyhdr)                You might also make \topmargin smaller to compensate:
(fancyhdr)                \addtolength{\topmargin}{-35.02916pt}.

[34

]
File: UTYP.png Graphic file (type png)
<use UTYP.png>
Package pdftex.def Info: UTYP.png  used on input line 725.
(pdftex.def)             Requested size: 65.65956pt x 34.14322pt.
File: LogoUPV_2023.png Graphic file (type png)
<use LogoUPV_2023.png>
Package pdftex.def Info: LogoUPV_2023.png  used on input line 725.
(pdftex.def)             Requested size: 112.36844pt x 42.67912pt.

Overfull \hbox (15.11841pt too wide) has occurred while \output is active
[]|[]| 
 []


Package fancyhdr Warning: \headheight is too small (12.0pt): 
(fancyhdr)                Make it at least 47.02916pt, for example:
(fancyhdr)                \setlength{\headheight}{47.02916pt}.
(fancyhdr)                You might also make \topmargin smaller to compensate:
(fancyhdr)                \addtolength{\topmargin}{-35.02916pt}.

[35

]
<figs/loginAURA.jpeg, id=488, 740.7675pt x 1606.0pt>
File: figs/loginAURA.jpeg Graphic file (type jpg)
<use figs/loginAURA.jpeg>
Package pdftex.def Info: figs/loginAURA.jpeg  used on input line 733.
(pdftex.def)             Requested size: 243.1288pt x 527.09pt.
File: UTYP.png Graphic file (type png)
<use UTYP.png>
Package pdftex.def Info: UTYP.png  used on input line 737.
(pdftex.def)             Requested size: 65.65956pt x 34.14322pt.
File: LogoUPV_2023.png Graphic file (type png)
<use LogoUPV_2023.png>
Package pdftex.def Info: LogoUPV_2023.png  used on input line 737.
(pdftex.def)             Requested size: 112.36844pt x 42.67912pt.

Overfull \hbox (15.11841pt too wide) has occurred while \output is active
[]|[]| 
 []


Package fancyhdr Warning: \headheight is too small (12.0pt): 
(fancyhdr)                Make it at least 47.02916pt, for example:
(fancyhdr)                \setlength{\headheight}{47.02916pt}.
(fancyhdr)                You might also make \topmargin smaller to compensate:
(fancyhdr)                \addtolength{\topmargin}{-35.02916pt}.

[36

]
<figs/FinalDahsboard.png, id=497, 1444.64719pt x 731.73375pt>
File: figs/FinalDahsboard.png Graphic file (type png)
<use figs/FinalDahsboard.png>
Package pdftex.def Info: figs/FinalDahsboard.png  used on input line 742.
(pdftex.def)             Requested size: 243.1288pt x 123.14256pt.
File: UTYP.png Graphic file (type png)
<use UTYP.png>
Package pdftex.def Info: UTYP.png  used on input line 746.
(pdftex.def)             Requested size: 65.65956pt x 34.14322pt.
File: LogoUPV_2023.png Graphic file (type png)
<use LogoUPV_2023.png>
Package pdftex.def Info: LogoUPV_2023.png  used on input line 746.
(pdftex.def)             Requested size: 112.36844pt x 42.67912pt.

Overfull \hbox (15.11841pt too wide) has occurred while \output is active
[]|[]| 
 []


Package fancyhdr Warning: \headheight is too small (12.0pt): 
(fancyhdr)                Make it at least 47.02916pt, for example:
(fancyhdr)                \setlength{\headheight}{47.02916pt}.
(fancyhdr)                You might also make \topmargin smaller to compensate:
(fancyhdr)                \addtolength{\topmargin}{-35.02916pt}.

[37 <./figs/loginAURA.jpeg>]
<figs/finalVisitantes1.png, id=504, 1444.64719pt x 744.53156pt>
File: figs/finalVisitantes1.png Graphic file (type png)
<use figs/finalVisitantes1.png>
Package pdftex.def Info: figs/finalVisitantes1.png  used on input line 751.
(pdftex.def)             Requested size: 243.1288pt x 125.2963pt.
<figs/finalVisitantes2.png, id=506, 1421.31pt x 745.28438pt>
File: figs/finalVisitantes2.png Graphic file (type png)
<use figs/finalVisitantes2.png>
Package pdftex.def Info: figs/finalVisitantes2.png  used on input line 760.
(pdftex.def)             Requested size: 243.1288pt x 127.48134pt.
File: UTYP.png Graphic file (type png)
<use UTYP.png>
Package pdftex.def Info: UTYP.png  used on input line 764.
(pdftex.def)             Requested size: 65.65956pt x 34.14322pt.
File: LogoUPV_2023.png Graphic file (type png)
<use LogoUPV_2023.png>
Package pdftex.def Info: LogoUPV_2023.png  used on input line 764.
(pdftex.def)             Requested size: 112.36844pt x 42.67912pt.

Overfull \hbox (15.11841pt too wide) has occurred while \output is active
[]|[]| 
 []


Package fancyhdr Warning: \headheight is too small (12.0pt): 
(fancyhdr)                Make it at least 47.02916pt, for example:
(fancyhdr)                \setlength{\headheight}{47.02916pt}.
(fancyhdr)                You might also make \topmargin smaller to compensate:
(fancyhdr)                \addtolength{\topmargin}{-35.02916pt}.

[38 <./figs/FinalDahsboard.png> <./figs/finalVisitantes1.png>]
<figs/finalLlamadas.png, id=516, 1414.53468pt x 751.30687pt>
File: figs/finalLlamadas.png Graphic file (type png)
<use figs/finalLlamadas.png>
Package pdftex.def Info: figs/finalLlamadas.png  used on input line 769.
(pdftex.def)             Requested size: 243.1288pt x 129.13054pt.
<figs/finalSalas.png, id=518, 1422.81563pt x 735.49782pt>
File: figs/finalSalas.png Graphic file (type png)
<use figs/finalSalas.png>
Package pdftex.def Info: figs/finalSalas.png  used on input line 778.
(pdftex.def)             Requested size: 243.1288pt x 125.67267pt.
File: UTYP.png Graphic file (type png)
<use UTYP.png>
Package pdftex.def Info: UTYP.png  used on input line 782.
(pdftex.def)             Requested size: 65.65956pt x 34.14322pt.
File: LogoUPV_2023.png Graphic file (type png)
<use LogoUPV_2023.png>
Package pdftex.def Info: LogoUPV_2023.png  used on input line 782.
(pdftex.def)             Requested size: 112.36844pt x 42.67912pt.

Overfull \hbox (15.11841pt too wide) has occurred while \output is active
[]|[]| 
 []


Package fancyhdr Warning: \headheight is too small (12.0pt): 
(fancyhdr)                Make it at least 47.02916pt, for example:
(fancyhdr)                \setlength{\headheight}{47.02916pt}.
(fancyhdr)                You might also make \topmargin smaller to compensate:
(fancyhdr)                \addtolength{\topmargin}{-35.02916pt}.

[39 <./figs/finalVisitantes2.png> <./figs/finalLlamadas.png>]
<figs/Finalreportes.png, id=527, 1434.10782pt x 749.80125pt>
File: figs/Finalreportes.png Graphic file (type png)
<use figs/Finalreportes.png>
Package pdftex.def Info: figs/Finalreportes.png  used on input line 787.
(pdftex.def)             Requested size: 243.1288pt x 127.10985pt.
<figs/finalAdmin.png, id=529, 1420.55719pt x 740.0147pt>
File: figs/finalAdmin.png Graphic file (type png)
<use figs/finalAdmin.png>
Package pdftex.def Info: figs/finalAdmin.png  used on input line 796.
(pdftex.def)             Requested size: 243.1288pt x 126.6477pt.
File: UTYP.png Graphic file (type png)
<use UTYP.png>
Package pdftex.def Info: UTYP.png  used on input line 800.
(pdftex.def)             Requested size: 65.65956pt x 34.14322pt.
File: LogoUPV_2023.png Graphic file (type png)
<use LogoUPV_2023.png>
Package pdftex.def Info: LogoUPV_2023.png  used on input line 800.
(pdftex.def)             Requested size: 112.36844pt x 42.67912pt.

Overfull \hbox (15.11841pt too wide) has occurred while \output is active
[]|[]| 
 []


Package fancyhdr Warning: \headheight is too small (12.0pt): 
(fancyhdr)                Make it at least 47.02916pt, for example:
(fancyhdr)                \setlength{\headheight}{47.02916pt}.
(fancyhdr)                You might also make \topmargin smaller to compensate:
(fancyhdr)                \addtolength{\topmargin}{-35.02916pt}.

[40 <./figs/finalSalas.png> <./figs/Finalreportes.png>]
File: UTYP.png Graphic file (type png)
<use UTYP.png>
Package pdftex.def Info: UTYP.png  used on input line 801.
(pdftex.def)             Requested size: 65.65956pt x 34.14322pt.
File: LogoUPV_2023.png Graphic file (type png)
<use LogoUPV_2023.png>
Package pdftex.def Info: LogoUPV_2023.png  used on input line 801.
(pdftex.def)             Requested size: 112.36844pt x 42.67912pt.

Overfull \hbox (15.11841pt too wide) has occurred while \output is active
[]|[]| 
 []


Package fancyhdr Warning: \headheight is too small (12.0pt): 
(fancyhdr)                Make it at least 47.02916pt, for example:
(fancyhdr)                \setlength{\headheight}{47.02916pt}.
(fancyhdr)                You might also make \topmargin smaller to compensate:
(fancyhdr)                \addtolength{\topmargin}{-35.02916pt}.

[41 <./figs/finalAdmin.png>]
File: UTYP.png Graphic file (type png)
<use UTYP.png>
Package pdftex.def Info: UTYP.png  used on input line 811.
(pdftex.def)             Requested size: 65.65956pt x 34.14322pt.
File: LogoUPV_2023.png Graphic file (type png)
<use LogoUPV_2023.png>
Package pdftex.def Info: LogoUPV_2023.png  used on input line 811.
(pdftex.def)             Requested size: 112.36844pt x 42.67912pt.

Overfull \hbox (15.11841pt too wide) has occurred while \output is active
[]|[]| 
 []


Package fancyhdr Warning: \headheight is too small (12.0pt): 
(fancyhdr)                Make it at least 47.02916pt, for example:
(fancyhdr)                \setlength{\headheight}{47.02916pt}.
(fancyhdr)                You might also make \topmargin smaller to compensate:
(fancyhdr)                \addtolength{\topmargin}{-35.02916pt}.

[42

]
LaTeX Font Info:    Trying to load font information for T1+cmtt on input line 814.
 (/usr/share/texlive/texmf-dist/tex/latex/base/t1cmtt.fd
File: t1cmtt.fd 2023/04/13 v2.5m Standard LaTeX font definitions
)
File: UTYP.png Graphic file (type png)
<use UTYP.png>
Package pdftex.def Info: UTYP.png  used on input line 817.
(pdftex.def)             Requested size: 65.65956pt x 34.14322pt.
File: LogoUPV_2023.png Graphic file (type png)
<use LogoUPV_2023.png>
Package pdftex.def Info: LogoUPV_2023.png  used on input line 817.
(pdftex.def)             Requested size: 112.36844pt x 42.67912pt.

Overfull \hbox (15.11841pt too wide) has occurred while \output is active
[]|[]| 
 []


Package fancyhdr Warning: \headheight is too small (12.0pt): 
(fancyhdr)                Make it at least 47.02916pt, for example:
(fancyhdr)                \setlength{\headheight}{47.02916pt}.
(fancyhdr)                You might also make \topmargin smaller to compensate:
(fancyhdr)                \addtolength{\topmargin}{-35.02916pt}.

[43

]
<documentosDigitalizados/SeguroFacultativo.pdf, id=578, 614.295pt x 845.1575pt>
File: documentosDigitalizados/SeguroFacultativo.pdf Graphic file (type pdf)
<use documentosDigitalizados/SeguroFacultativo.pdf>
Package pdftex.def Info: documentosDigitalizados/SeguroFacultativo.pdf  used on input line 824.
(pdftex.def)             Requested size: 614.29349pt x 845.15544pt.
File: documentosDigitalizados/SeguroFacultativo.pdf Graphic file (type pdf)
<use documentosDigitalizados/SeguroFacultativo.pdf>
Package pdftex.def Info: documentosDigitalizados/SeguroFacultativo.pdf  used on input line 824.
(pdftex.def)             Requested size: 614.29349pt x 845.15544pt.
<documentosDigitalizados/SeguroFacultativo.pdf, id=581, page=1, 614.295pt x 845.1575pt>
File: documentosDigitalizados/SeguroFacultativo.pdf Graphic file (type pdf)
<use documentosDigitalizados/SeguroFacultativo.pdf, page 1>
Package pdftex.def Info: documentosDigitalizados/SeguroFacultativo.pdf , page1 used on input line 824.
(pdftex.def)             Requested size: 614.29349pt x 845.15544pt.
File: documentosDigitalizados/SeguroFacultativo.pdf Graphic file (type pdf)
<use documentosDigitalizados/SeguroFacultativo.pdf, page 1>
Package pdftex.def Info: documentosDigitalizados/SeguroFacultativo.pdf , page1 used on input line 824.
(pdftex.def)             Requested size: 577.9154pt x 795.10587pt.
File: documentosDigitalizados/SeguroFacultativo.pdf Graphic file (type pdf)
<use documentosDigitalizados/SeguroFacultativo.pdf, page 1>
Package pdftex.def Info: documentosDigitalizados/SeguroFacultativo.pdf , page1 used on input line 824.
(pdftex.def)             Requested size: 577.9154pt x 795.10587pt.
File: documentosDigitalizados/SeguroFacultativo.pdf Graphic file (type pdf)
<use documentosDigitalizados/SeguroFacultativo.pdf, page 1>
Package pdftex.def Info: documentosDigitalizados/SeguroFacultativo.pdf , page1 used on input line 824.
(pdftex.def)             Requested size: 577.9154pt x 795.10587pt.
File: documentosDigitalizados/SeguroFacultativo.pdf Graphic file (type pdf)
<use documentosDigitalizados/SeguroFacultativo.pdf, page 1>
Package pdftex.def Info: documentosDigitalizados/SeguroFacultativo.pdf , page1 used on input line 824.
(pdftex.def)             Requested size: 577.9154pt x 795.10587pt.
 [44


 <./documentosDigitalizados/SeguroFacultativo.pdf>]
<documentosDigitalizados/CartaPresentacion.pdf, id=599, 760.8425pt x 1003.75pt>
File: documentosDigitalizados/CartaPresentacion.pdf Graphic file (type pdf)
<use documentosDigitalizados/CartaPresentacion.pdf>
Package pdftex.def Info: documentosDigitalizados/CartaPresentacion.pdf  used on input line 832.
(pdftex.def)             Requested size: 760.84064pt x 1003.74756pt.
File: documentosDigitalizados/CartaPresentacion.pdf Graphic file (type pdf)
<use documentosDigitalizados/CartaPresentacion.pdf>
Package pdftex.def Info: documentosDigitalizados/CartaPresentacion.pdf  used on input line 832.
(pdftex.def)             Requested size: 760.84064pt x 1003.74756pt.
<documentosDigitalizados/CartaPresentacion.pdf, id=602, page=1, 760.8425pt x 1003.75pt>
File: documentosDigitalizados/CartaPresentacion.pdf Graphic file (type pdf)
<use documentosDigitalizados/CartaPresentacion.pdf, page 1>
Package pdftex.def Info: documentosDigitalizados/CartaPresentacion.pdf , page1 used on input line 832.
(pdftex.def)             Requested size: 760.84064pt x 1003.74756pt.
File: documentosDigitalizados/CartaPresentacion.pdf Graphic file (type pdf)
<use documentosDigitalizados/CartaPresentacion.pdf, page 1>
Package pdftex.def Info: documentosDigitalizados/CartaPresentacion.pdf , page1 used on input line 832.
(pdftex.def)             Requested size: 603.03261pt x 795.55754pt.
File: documentosDigitalizados/CartaPresentacion.pdf Graphic file (type pdf)
<use documentosDigitalizados/CartaPresentacion.pdf, page 1>
Package pdftex.def Info: documentosDigitalizados/CartaPresentacion.pdf , page1 used on input line 832.
(pdftex.def)             Requested size: 603.03261pt x 795.55754pt.
File: documentosDigitalizados/CartaPresentacion.pdf Graphic file (type pdf)
<use documentosDigitalizados/CartaPresentacion.pdf, page 1>
Package pdftex.def Info: documentosDigitalizados/CartaPresentacion.pdf , page1 used on input line 832.
(pdftex.def)             Requested size: 603.03261pt x 795.55754pt.
File: documentosDigitalizados/CartaPresentacion.pdf Graphic file (type pdf)
<use documentosDigitalizados/CartaPresentacion.pdf, page 1>
Package pdftex.def Info: documentosDigitalizados/CartaPresentacion.pdf , page1 used on input line 832.
(pdftex.def)             Requested size: 603.03261pt x 795.55754pt.
 [45


 <./documentosDigitalizados/CartaPresentacion.pdf>]
<documentosDigitalizados/CartaAceptacion.pdf, id=609, 743.77875pt x 1003.75pt>
File: documentosDigitalizados/CartaAceptacion.pdf Graphic file (type pdf)
<use documentosDigitalizados/CartaAceptacion.pdf>
Package pdftex.def Info: documentosDigitalizados/CartaAceptacion.pdf  used on input line 838.
(pdftex.def)             Requested size: 743.77693pt x 1003.74756pt.
File: documentosDigitalizados/CartaAceptacion.pdf Graphic file (type pdf)
<use documentosDigitalizados/CartaAceptacion.pdf>
Package pdftex.def Info: documentosDigitalizados/CartaAceptacion.pdf  used on input line 838.
(pdftex.def)             Requested size: 743.77693pt x 1003.74756pt.
<documentosDigitalizados/CartaAceptacion.pdf, id=612, page=1, 743.77875pt x 1003.75pt>
File: documentosDigitalizados/CartaAceptacion.pdf Graphic file (type pdf)
<use documentosDigitalizados/CartaAceptacion.pdf, page 1>
Package pdftex.def Info: documentosDigitalizados/CartaAceptacion.pdf , page1 used on input line 838.
(pdftex.def)             Requested size: 743.77693pt x 1003.74756pt.
File: documentosDigitalizados/CartaAceptacion.pdf Graphic file (type pdf)
<use documentosDigitalizados/CartaAceptacion.pdf, page 1>
Package pdftex.def Info: documentosDigitalizados/CartaAceptacion.pdf , page1 used on input line 838.
(pdftex.def)             Requested size: 589.50813pt x 795.55754pt.
File: documentosDigitalizados/CartaAceptacion.pdf Graphic file (type pdf)
<use documentosDigitalizados/CartaAceptacion.pdf, page 1>
Package pdftex.def Info: documentosDigitalizados/CartaAceptacion.pdf , page1 used on input line 838.
(pdftex.def)             Requested size: 589.50813pt x 795.55754pt.
File: documentosDigitalizados/CartaAceptacion.pdf Graphic file (type pdf)
<use documentosDigitalizados/CartaAceptacion.pdf, page 1>
Package pdftex.def Info: documentosDigitalizados/CartaAceptacion.pdf , page1 used on input line 838.
(pdftex.def)             Requested size: 589.50813pt x 795.55754pt.
File: documentosDigitalizados/CartaAceptacion.pdf Graphic file (type pdf)
<use documentosDigitalizados/CartaAceptacion.pdf, page 1>
Package pdftex.def Info: documentosDigitalizados/CartaAceptacion.pdf , page1 used on input line 838.
(pdftex.def)             Requested size: 589.50813pt x 795.55754pt.
 [46


 <./documentosDigitalizados/CartaAceptacion.pdf>]
<documentosDigitalizados/CartaLiberacion.pdf, id=619, 752.8125pt x 1003.75pt>
File: documentosDigitalizados/CartaLiberacion.pdf Graphic file (type pdf)
<use documentosDigitalizados/CartaLiberacion.pdf>
Package pdftex.def Info: documentosDigitalizados/CartaLiberacion.pdf  used on input line 844.
(pdftex.def)             Requested size: 752.81065pt x 1003.74756pt.
File: documentosDigitalizados/CartaLiberacion.pdf Graphic file (type pdf)
<use documentosDigitalizados/CartaLiberacion.pdf>
Package pdftex.def Info: documentosDigitalizados/CartaLiberacion.pdf  used on input line 844.
(pdftex.def)             Requested size: 752.81065pt x 1003.74756pt.
<documentosDigitalizados/CartaLiberacion.pdf, id=622, page=1, 752.8125pt x 1003.75pt>
File: documentosDigitalizados/CartaLiberacion.pdf Graphic file (type pdf)
<use documentosDigitalizados/CartaLiberacion.pdf, page 1>
Package pdftex.def Info: documentosDigitalizados/CartaLiberacion.pdf , page1 used on input line 844.
(pdftex.def)             Requested size: 752.81065pt x 1003.74756pt.
File: documentosDigitalizados/CartaLiberacion.pdf Graphic file (type pdf)
<use documentosDigitalizados/CartaLiberacion.pdf, page 1>
Package pdftex.def Info: documentosDigitalizados/CartaLiberacion.pdf , page1 used on input line 844.
(pdftex.def)             Requested size: 596.66814pt x 795.55754pt.
File: documentosDigitalizados/CartaLiberacion.pdf Graphic file (type pdf)
<use documentosDigitalizados/CartaLiberacion.pdf, page 1>
Package pdftex.def Info: documentosDigitalizados/CartaLiberacion.pdf , page1 used on input line 844.
(pdftex.def)             Requested size: 596.66814pt x 795.55754pt.
File: documentosDigitalizados/CartaLiberacion.pdf Graphic file (type pdf)
<use documentosDigitalizados/CartaLiberacion.pdf, page 1>
Package pdftex.def Info: documentosDigitalizados/CartaLiberacion.pdf , page1 used on input line 844.
(pdftex.def)             Requested size: 596.66814pt x 795.55754pt.
File: documentosDigitalizados/CartaLiberacion.pdf Graphic file (type pdf)
<use documentosDigitalizados/CartaLiberacion.pdf, page 1>
Package pdftex.def Info: documentosDigitalizados/CartaLiberacion.pdf , page1 used on input line 844.
(pdftex.def)             Requested size: 596.66814pt x 795.55754pt.
 [47

 <./documentosDigitalizados/CartaLiberacion.pdf>]
LaTeX Font Info:    External font `cmex10' loaded for size
(Font)              <7> on input line 875.
LaTeX Font Info:    External font `cmex10' loaded for size
(Font)              <5> on input line 875.
File: UTYP.png Graphic file (type png)
<use UTYP.png>
Package pdftex.def Info: UTYP.png  used on input line 879.
(pdftex.def)             Requested size: 65.65956pt x 34.14322pt.
File: LogoUPV_2023.png Graphic file (type png)
<use LogoUPV_2023.png>
Package pdftex.def Info: LogoUPV_2023.png  used on input line 879.
(pdftex.def)             Requested size: 112.36844pt x 42.67912pt.

Overfull \hbox (15.11841pt too wide) has occurred while \output is active
[]|[]| 
 []


Package fancyhdr Warning: \headheight is too small (12.0pt): 
(fancyhdr)                Make it at least 47.02916pt, for example:
(fancyhdr)                \setlength{\headheight}{47.02916pt}.
(fancyhdr)                You might also make \topmargin smaller to compensate:
(fancyhdr)                \addtolength{\topmargin}{-35.02916pt}.

[48

]
Underfull \hbox (badness 1189) in paragraph at lines 892--893
\T1/cmr/m/n/10 tie-nen fon-do cla-ro, le-
 []


Underfull \hbox (badness 1308) in paragraph at lines 893--893
\T1/cmr/m/n/10 La pre-sen-ta-ción ca-re-ce
 []


Underfull \hbox (badness 1320) in paragraph at lines 898--898
[]|\T1/cmr/m/n/10 Las res-pues-tas no son
 []


Underfull \hbox (badness 10000) in paragraph at lines 898--898
\T1/cmr/m/n/10 pa-rá-me-tros de ló-gi-ca
 []

File: UTYP.png Graphic file (type png)
<use UTYP.png>
Package pdftex.def Info: UTYP.png  used on input line 914.
(pdftex.def)             Requested size: 65.65956pt x 34.14322pt.
File: LogoUPV_2023.png Graphic file (type png)
<use LogoUPV_2023.png>
Package pdftex.def Info: LogoUPV_2023.png  used on input line 914.
(pdftex.def)             Requested size: 112.36844pt x 42.67912pt.

Overfull \hbox (15.11841pt too wide) has occurred while \output is active
[]|[]| 
 []


Package fancyhdr Warning: \headheight is too small (12.0pt): 
(fancyhdr)                Make it at least 47.02916pt, for example:
(fancyhdr)                \setlength{\headheight}{47.02916pt}.
(fancyhdr)                You might also make \topmargin smaller to compensate:
(fancyhdr)                \addtolength{\topmargin}{-35.02916pt}.

[49

] (./reporte_estadias_template.aux
LaTeX Info: Redefining \sptext on input line 9.
LaTeX Info: Redefining \. on input line 9.
LaTeX Info: Redefining \% on input line 9.
)
 ***********
LaTeX2e <2023-11-01> patch level 1
L3 programming layer <2024-01-22>
 ***********
Package rerunfilecheck Info: File `reporte_estadias_template.out' has not changed.
(rerunfilecheck)             Checksum: 8CCAB646394F75A02A79909BEB223BC3;5961.
Package logreq Info: Writing requests to 'reporte_estadias_template.run.xml'.
\openout1 = `reporte_estadias_template.run.xml'.

 ) 
Here is how much of TeX's memory you used:
 21007 strings out of 476120
 368620 string characters out of 5793658
 1952975 words of memory out of 5000000
 42615 multiletter control sequences out of 15000+600000
 570401 words of font info for 59 fonts, out of 8000000 for 9000
 40 hyphenation exceptions out of 8191
 68i,23n,81p,1255b,2271s stack positions out of 10000i,1000n,20000p,200000b,200000s
 </home/codespace/.texlive2023/texmf-var/fonts/pk/ljfour/jknappen/ec/ecrm1000.600pk> </home/codespace/.texlive2023/texmf-var/fonts/pk/ljfour/jknappen/ec/ectt1200.600pk> </home/codespace/.texlive2023/texmf-var/fonts/pk/ljfour/jknappen/ec/ecrm0600.600pk> </home/codespace/.texlive2023/texmf-var/fonts/pk/ljfour/jknappen/ec/ecti1200.600pk> </home/codespace/.texlive2023/texmf-var/fonts/pk/ljfour/jknappen/ec/ecxc1200.600pk> </home/codespace/.texlive2023/texmf-var/fonts/pk/ljfour/jknappen/ec/eccc1200.600pk> </home/codespace/.texlive2023/texmf-var/fonts/pk/ljfour/jknappen/ec/ecrm0800.600pk> </home/codespace/.texlive2023/texmf-var/fonts/pk/ljfour/jknappen/ec/ecbx1440.600pk> </home/codespace/.texlive2023/texmf-var/fonts/pk/ljfour/jknappen/ec/ecbx1200.600pk> </home/codespace/.texlive2023/texmf-var/fonts/pk/ljfour/jknappen/ec/ecrm1200.600pk> </home/codespace/.texlive2023/texmf-var/fonts/pk/ljfour/jknappen/ec/ecrm1728.600pk> </home/codespace/.texlive2023/texmf-var/fonts/pk/ljfour/jknappen/ec/ecbx1728.600pk>
Output written on reporte_estadias_template.pdf (56 pages, 14406353 bytes).
PDF statistics:
 1163 PDF objects out of 1200 (max. 8388607)
 558 compressed objects within 6 object streams
 143 named destinations out of 1000 (max. 500000)
 495 words of extra memory for PDF output out of 10000 (max. 10000000)

